ASxxxx Linker V03.00 + NoICE + sdld,  page 1.
Hexadecimal  [32-Bits]

Area                                    Addr        Size        Decimal Bytes (Attributes)
--------------------------------        ----        ----        ------- ----- ------------
.  .ABS.                            00000000    00000000 =           0. bytes (ABS,CON)

      Value  Global                              Global Defined In Module
      -----  --------------------------------   ------------------------
     00000000  .__.ABS.                           
     00000000  _rRAMG                             
     00000000  l__BASE                         
     00000000  l__BSS                          
     00000000  l__CABS                         
     00000000  l__CODE_0                       
     00000000  l__CRASH_HEADER                 
     00000000  l__CRASH_SCRATCH                
     00000000  l__DABS                         
     00000000  l__EHL_TRAMPOLINE               
     00000000  l__HEADER                       
     00000000  l__HEADER_LCD                   
     00000000  l__HEADER_SIO                   
     00000000  l__HEADER_TIMER                 
     00000000  l__HEAP                         
     00000000  l__HRAM                         
     00000000  l__LIT                          
     00000000  s__CABS                         
     00000000  s__CRASH_HEADER                 
     00000000  s__CRASH_HEADER0                
     00000000  s__CRASH_HEADER1                
     00000000  s__CRASH_SCRATCH                
     00000000  s__CRASH_SCRATCH2               
     00000000  s__DABS                         
     00000000  s__EHL_TRAMPOLINE               
     00000000  s__EHL_TRAMPOLINE0              
     00000000  s__HEADER                       
     00000000  s__HEADER0                      
     00000000  s__HEADER1                      
     00000000  s__HEADER10                     
     00000000  s__HEADER11                     
     00000000  s__HEADER2                      
     00000000  s__HEADER3                      
     00000000  s__HEADER4                      
     00000000  s__HEADER5                      
     00000000  s__HEADER6                      
     00000000  s__HEADER7                      
     00000000  s__HEADER8                      
     00000000  s__HEADER9                      
     00000000  s__HEADER_LCD                   
     00000000  s__HEADER_LCD0                  
     00000000  s__HEADER_SIO                   
     00000000  s__HEADER_SIO0                  
     00000000  s__HEADER_TIMER                 
     00000000  s__HEADER_TIMER0                
     00000000  s__HEADERa                      
     00000000  s__HEADERb                      
     00000000  s__HEADERc                      
     00000000  s__HEADERd                      
     00000000  s__HEADERe                      
ASxxxx Linker V03.00 + NoICE + sdld,  page 2.
Hexadecimal  [32-Bits]

Area                                    Addr        Size        Decimal Bytes (Attributes)
--------------------------------        ----        ----        ------- ----- ------------
.  .ABS.                            00000000    00000000 =           0. bytes (ABS,CON)

      Value  Global                              Global Defined In Module
      -----  --------------------------------   ------------------------
     00000000  s__HEADERf                      
     00000000  s__HRAM                         
     00000000  s__HRAM12                       
     00000001  ___bank_VM_SGB                     vm_sgb
     00000001  ___bank_bg_3dtac1_tileset          bg_3dtac1_tileset
     00000001  ___bank_bg_bopic_tileset           bg_bopic_tileset
     00000001  ___bank_bg_menu_tileset            bg_menu_tileset
     00000001  ___bank_scene_scene_19_init        scene_scene_19_init
     00000001  ___mute_mask_sound_legacy_1        sound_legacy_1
     00000001  ___mute_mask_sound_legacy_10       sound_legacy_10
     00000001  ___mute_mask_sound_legacy_11       sound_legacy_11
     00000001  ___mute_mask_sound_legacy_12       sound_legacy_12
     00000001  ___mute_mask_sound_legacy_13       sound_legacy_13
     00000001  ___mute_mask_sound_legacy_14       sound_legacy_14
     00000001  ___mute_mask_sound_legacy_15       sound_legacy_15
     00000001  ___mute_mask_sound_legacy_5        sound_legacy_5
     00000001  ___mute_mask_sound_legacy_6        sound_legacy_6
     00000001  ___mute_mask_sound_legacy_7        sound_legacy_7
     00000001  b_ui_draw_frame                    ui
     00000001  b_ui_draw_text_buffer_char         ui
     00000001  b_ui_init                          ui
     00000001  b_ui_load_tiles                    ui
     00000001  b_ui_run_menu                      ui
     00000001  b_ui_run_modal                     ui
     00000001  b_ui_set_start_tile                ui
     00000001  l__GSFINAL                      
     00000001  l__HEADER0                      
     00000001  l__HEADER11                     
     00000001  l__HEADER9                      
     00000001  l__HEADERa                      
     00000001  l__HEADERb                      
     00000001  l__HEADERd                      
     00000001  l__HEADERe                      
     00000002  ___bank_bg_dreamsharkpic_tileset   bg_dreamsharkpic_tileset
     00000002  ___bank_bg_finalfight_tileset      bg_finalfight_tileset
     00000002  ___bank_script_input_3             script_input_3
     00000002  ___bank_sprite_lotlplatform        sprite_lotlplatform
     00000002  b_platform_init                    platform
     00000002  b_platform_update                  platform
     00000002  l__HEADER5                      
     00000002  l__HEADERc                      
     00000002  l__HEADERf                      
     00000003  ___bank_VM_MAIN                    vm
     00000003  ___bank_bg_glytchlogohall_tilese   bg_glytchlogohall_tileset
     00000003  ___bank_bg_lotlpic_tileset         bg_lotlpic_tileset
     00000003  ___bank_bg_underground_tileset     bg_underground_tileset
     00000003  ___bank_scene_scene_20_init        scene_scene_20_init
     00000003  b_script_detach_hthread            vm
     00000003  b_script_execute                   vm
     00000003  b_script_runner_init               vm
     00000003  b_script_terminate                 vm
ASxxxx Linker V03.00 + NoICE + sdld,  page 3.
Hexadecimal  [32-Bits]

Area                                    Addr        Size        Decimal Bytes (Attributes)
--------------------------------        ----        ----        ------- ----- ------------
.  .ABS.                            00000000    00000000 =           0. bytes (ABS,CON)

      Value  Global                              Global Defined In Module
      -----  --------------------------------   ------------------------
     00000003  b_vm_call                          vm
     00000003  b_vm_call_far                      vm
     00000003  b_vm_get_indirect                  vm
     00000003  b_vm_get_int16                     vm
     00000003  b_vm_get_int8                      vm
     00000003  b_vm_get_tlocal                    vm
     00000003  b_vm_get_uint8                     vm
     00000003  b_vm_idle                          vm
     00000003  b_vm_if                            vm
     00000003  b_vm_if_const                      vm
     00000003  b_vm_init_rng                      vm
     00000003  b_vm_invoke                        vm
     00000003  b_vm_join                          vm
     00000003  b_vm_jump                          vm
     00000003  b_vm_lock                          vm
     00000003  b_vm_loop                          vm
     00000003  b_vm_memcpy                        vm
     00000003  b_vm_memset                        vm
     00000003  b_vm_poll_loaded                   vm
     00000003  b_vm_pop                           vm
     00000003  b_vm_push                          vm
     00000003  b_vm_push_reference                vm
     00000003  b_vm_push_value                    vm
     00000003  b_vm_push_value_ind                vm
     00000003  b_vm_raise                         vm
     00000003  b_vm_rand                          vm
     00000003  b_vm_reserve                       vm
     00000003  b_vm_ret                           vm
     00000003  b_vm_ret_far                       vm
     00000003  b_vm_set                           vm
     00000003  b_vm_set_const                     vm
     00000003  b_vm_set_const_int16               vm
     00000003  b_vm_set_const_int8                vm
     00000003  b_vm_set_indirect                  vm
     00000003  b_vm_set_int16                     vm
     00000003  b_vm_set_int8                      vm
     00000003  b_vm_set_uint8                     vm
     00000003  b_vm_terminate                     vm
     00000003  b_vm_test_terminate                vm
     00000003  b_vm_unlock                        vm
     00000003  b_wait_frames                      vm
     00000003  l__HEADER8                      
     00000003  l__HEADER_LCD0                  
     00000003  l__HRAM12                       
     00000004  ___bank_bg_cell_tileset            bg_cell_tileset
     00000004  ___bank_bg_lotltactalk_tileset     bg_lotltactalk_tileset
     00000004  ___bank_bg_rovatalk_tileset        bg_rovatalk_tileset
     00000004  ___bank_font_gbs_variable_width    font_gbs_variable_width
     00000004  ___bank_scene_scene_19_sprites     scene_scene_19_sprites
     00000004  l__CRASH_HEADER1                
     00000004  l__HEADER_SIO0                  
ASxxxx Linker V03.00 + NoICE + sdld,  page 4.
Hexadecimal  [32-Bits]

Area                                    Addr        Size        Decimal Bytes (Attributes)
--------------------------------        ----        ----        ------- ----- ------------
.  .ABS.                            00000000    00000000 =           0. bytes (ABS,CON)

      Value  Global                              Global Defined In Module
      -----  --------------------------------   ------------------------
     00000004  l__HEADER_TIMER0                
     00000005  ___bank_bg_bobitree_tileset        bg_bobitree_tileset
     00000005  ___bank_bg_tardigpic_tileset       bg_tardigpic_tileset
     00000005  ___bank_bg_thebobitree_tileset     bg_thebobitree_tileset
     00000005  ___bank_scene_scene_24_sprites     scene_scene_24_sprites
     00000005  b_do_load_palette                  data_manager
     00000005  b_load_background                  data_manager
     00000005  b_load_bkg_tileset                 data_manager
     00000005  b_load_bounds                      data_manager
     00000005  b_load_emote                       data_manager
     00000005  b_load_init                        data_manager
     00000005  b_load_player                      data_manager
     00000005  b_load_scene                       data_manager
     00000005  b_load_sprite                      data_manager
     00000005  l__CRASH_HEADER0                
     00000005  l__HEADER1                      
     00000006  ___bank_bg_axalotiacity_tilemap_   bg_axalotiacity_tilemap_attr
     00000006  ___bank_bg_titlescreen_tileset     bg_titlescreen_tileset
     00000006  ___bank_bg_woodspic_tileset        bg_woodspic_tileset
     00000006  ___bank_scene_scene_27_sprites     scene_scene_27_sprites
     00000006  ___bank_song_song_template_0_Dat   song_song_template_0_Data
     00000006  l__HEADER7                      
     00000007  ___bank_ACTOR                      actor
     00000007  ___bank_VM_ACTOR                   vm_actor
     00000007  ___bank_actor_sage_interact        actor_sage_interact
     00000007  ___bank_bg_axalotiacity_tilemap    bg_axalotiacity_tilemap
     00000007  ___bank_bg_hillsparalax_tileset    bg_hillsparalax_tileset
     00000007  b_activate_actor                   actor
     00000007  b_activate_actors_in_col           actor
     00000007  b_activate_actors_in_row           actor
     00000007  b_actor_at_tile                    actor
     00000007  b_actor_get_frame_offset           actor
     00000007  b_actor_in_front_of_player         actor
     00000007  b_actor_overlapping_bb             actor
     00000007  b_actor_overlapping_player         actor
     00000007  b_actor_set_anim_idle              actor
     00000007  b_actor_set_anim_moving            actor
     00000007  b_actor_set_dir                    actor
     00000007  b_actor_set_frame_offset           actor
     00000007  b_actor_set_frames                 actor
     00000007  b_actors_handle_player_collision   actor
     00000007  b_actors_init                      actor
     00000007  b_check_collision_in_direction     actor
     00000007  b_deactivate_actor                 actor
     00000007  b_player_init                      actor
     00000007  b_vm_actor_activate                vm_actor
     00000007  b_vm_actor_deactivate              vm_actor
     00000007  b_vm_actor_emote                   vm_actor
     00000007  b_vm_actor_get_angle               vm_actor
     00000007  b_vm_actor_get_anim_frame          vm_actor
     00000007  b_vm_actor_get_dir                 vm_actor
ASxxxx Linker V03.00 + NoICE + sdld,  page 5.
Hexadecimal  [32-Bits]

Area                                    Addr        Size        Decimal Bytes (Attributes)
--------------------------------        ----        ----        ------- ----- ------------
.  .ABS.                            00000000    00000000 =           0. bytes (ABS,CON)

      Value  Global                              Global Defined In Module
      -----  --------------------------------   ------------------------
     00000007  b_vm_actor_get_pos                 vm_actor
     00000007  b_vm_actor_move_cancel             vm_actor
     00000007  b_vm_actor_move_to                 vm_actor
     00000007  b_vm_actor_replace_tile            vm_actor
     00000007  b_vm_actor_set_anim                vm_actor
     00000007  b_vm_actor_set_anim_frame          vm_actor
     00000007  b_vm_actor_set_anim_set            vm_actor
     00000007  b_vm_actor_set_anim_tick           vm_actor
     00000007  b_vm_actor_set_bounds              vm_actor
     00000007  b_vm_actor_set_dir                 vm_actor
     00000007  b_vm_actor_set_flags               vm_actor
     00000007  b_vm_actor_set_move_speed          vm_actor
     00000007  b_vm_actor_set_pos                 vm_actor
     00000007  b_vm_actor_set_spritesheet         vm_actor
     00000007  b_vm_actor_set_spritesheet_by_re   vm_actor
     00000007  b_vm_actor_terminate_update        vm_actor
     00000007  l__HEADER2                      
     00000008  ___bank_bg_axalotiaspace_tilemap   bg_axalotiaspace_tilemap
     00000008  ___bank_bg_axalotiaspace_tilemap   bg_axalotiaspace_tilemap_att
     00000008  ___bank_bg_axalotiawilds_tilemap   bg_axalotiawilds_tilemap
     00000008  ___bank_bg_axalotiawilds_tilemap   bg_axalotiawilds_tilemap_att
     00000008  ___bank_bg_bobiforest_tilemap      bg_bobiforest_tilemap
     00000008  ___bank_scene_47_init              scene_47_init
     00000008  ___bank_sprite_elephant_tileset    sprite_elephant_tileset
     00000008  ___mute_mask_sound_legacy_0        sound_legacy_0
     00000008  ___mute_mask_sound_legacy_2        sound_legacy_2
     00000008  ___mute_mask_sound_legacy_3        sound_legacy_3
     00000008  ___mute_mask_sound_legacy_4        sound_legacy_4
     00000008  ___mute_mask_sound_legacy_8        sound_legacy_8
     00000008  ___mute_mask_sound_legacy_9        sound_legacy_9
     00000008  l__HEADER3                      
     00000009  ___bank_VM_CAMERA                  vm_camera
     00000009  ___bank_bg_bobispace_tilemap       bg_bobispace_tilemap
     00000009  ___bank_bg_bobispace_tilemap_att   bg_bobispace_tilemap_attr
     00000009  ___bank_bg_bobitown_tilemap        bg_bobitown_tilemap
     00000009  ___bank_bg_bobitown_tilemap_attr   bg_bobitown_tilemap_attr
     00000009  ___bank_bg_chubeecity_tilemap_at   bg_chubeecity_tilemap_attr
     00000009  b_camera_init                      camera
     00000009  b_camera_reset                     camera
     00000009  b_camera_shake_frames              vm_camera
     00000009  b_vm_camera_move_to                vm_camera
     00000009  b_vm_camera_set_pos                vm_camera
     0000000A  ___bank_bg_chubeecity_tilemap      bg_chubeecity_tilemap
     0000000A  ___bank_bg_glitchland_tilemap      bg_glitchland_tilemap
     0000000A  ___bank_bg_glitchland_tilemap_at   bg_glitchland_tilemap_attr
     0000000A  ___bank_bg_menu_page1_tileset      bg_menu_page1_tileset
     0000000A  ___bank_bg_rovasland_tilemap       bg_rovasland_tilemap
     0000000A  ___bank_bg_rovasland_tilemap_att   bg_rovasland_tilemap_attr
     0000000A  ___bank_scene_43_sprites           scene_43_sprites
     0000000A  ___bank_trigger_92_interact        trigger_92_interact
     0000000B  ___bank_bg_hidden_cave_tilemap_a   bg_hidden_cave_tilemap_attr
ASxxxx Linker V03.00 + NoICE + sdld,  page 6.
Hexadecimal  [32-Bits]

Area                                    Addr        Size        Decimal Bytes (Attributes)
--------------------------------        ----        ----        ------- ----- ------------
.  .ABS.                            00000000    00000000 =           0. bytes (ABS,CON)

      Value  Global                              Global Defined In Module
      -----  --------------------------------   ------------------------
     0000000B  ___bank_bg_tillespace_tilemap      bg_tillespace_tilemap
     0000000B  ___bank_bg_tillespace_tilemap_at   bg_tillespace_tilemap_attr
     0000000B  ___bank_bg_tilleworld_tilemap      bg_tilleworld_tilemap
     0000000B  ___bank_bg_tilleworld_tilemap_at   bg_tilleworld_tilemap_attr
     0000000B  ___bank_bg_underwater_tilemap_at   bg_underwater_tilemap_attr
     0000000B  b_events_init                      events
     0000000B  b_timers_init                      events
     0000000C  ___bank_bg_hidden_cave_tilemap     bg_hidden_cave_tilemap
     0000000C  ___bank_bg_underwater_tilemap      bg_underwater_tilemap
     0000000C  ___bank_scene_43_collisions        scene_43_collisions
     0000000C  ___bank_scene_44_collisions        scene_44_collisions
     0000000C  ___bank_scene_sample_town_collis   scene_sample_town_collisions
     0000000C  ___bank_scene_scene_17_collision   scene_scene_17_collisions
     0000000C  b_restore_sram                     flasher
     0000000C  b_restore_sram_bank                flasher
     0000000C  b_save_sram                        flasher
     0000000D  ___bank_scene_deeper_underground   scene_deeper_underground_col
     0000000D  ___bank_scene_scene_18_collision   scene_scene_18_collisions
     0000000D  ___bank_scene_scene_19_collision   scene_scene_19_collisions
     0000000D  ___bank_scene_scene_20_collision   scene_scene_20_collisions
     0000000D  ___bank_scene_scene_21_collision   scene_scene_21_collisions
     0000000D  ___bank_scene_scene_23_collision   scene_scene_23_collisions
     0000000D  ___bank_scene_scene_36_init        scene_scene_36_init
     0000000D  ___bank_script_init_menu           script_init_menu
     0000000E  ___bank_actor_gardener_interact    actor_gardener_interact
     0000000E  ___bank_scene_scene_24_collision   scene_scene_24_collisions
     0000000E  ___bank_scene_scene_25_collision   scene_scene_25_collisions
     0000000E  ___bank_scene_scene_36_collision   scene_scene_36_collisions
     0000000E  ___bank_scene_scene_38_collision   scene_scene_38_collisions
     0000000E  ___bank_scene_scene_4_collisions   scene_scene_4_collisions
     0000000E  b_set_sgb_border                   sgb_border
     0000000F  ___bank_bg_axalotiacity_tileset    bg_axalotiacity_tileset
     0000000F  ___bank_bg_chubeecity_tileset      bg_chubeecity_tileset
     0000000F  ___bank_bg_lotlroom_tileset        bg_lotlroom_tileset
     0000000F  ___bank_bg_platform_path_tilemap   bg_platform_path_tilemap
     0000000F  ___bank_bg_platform_path_tilemap   bg_platform_path_tilemap_att
     0000000F  ___bank_bg_platform_path_tileset   bg_platform_path_tileset
     0000000F  ___bank_scene_45_sprites           scene_45_sprites
     00000010  ___bank_bg_hillsparalax_tilemap    bg_hillsparalax_tilemap
     00000010  ___bank_bg_hillsparalax_tilemap_   bg_hillsparalax_tilemap_attr
     00000010  ___bank_bg_parallax_tilemap        bg_parallax_tilemap
     00000010  ___bank_bg_parallax_tilemap_attr   bg_parallax_tilemap_attr
     00000010  ___bank_scene_path_to_sample_tow   scene_path_to_sample_town_co
     00000010  ___bank_scene_path_to_sample_tow   scene_path_to_sample_town_tr
     00000010  ___bank_song_song_template_6_Dat   song_song_template_6_Data
     00000011  ___bank_bg_3dtac1                  bg_3dtac1
     00000011  ___bank_bg_axalotiaspace_tileset   bg_axalotiaspace_tileset
     00000011  ___bank_bg_crystalroom_tileset     bg_crystalroom_tileset
     00000011  ___bank_bg_tillespace_tileset      bg_tillespace_tileset
     00000011  ___bank_scene_scene_0_collisions   scene_scene_0_collisions
     00000011  ___bank_scene_space_battle_colli   scene_space_battle_collision
ASxxxx Linker V03.00 + NoICE + sdld,  page 7.
Hexadecimal  [32-Bits]

Area                                    Addr        Size        Decimal Bytes (Attributes)
--------------------------------        ----        ----        ------- ----- ------------
.  .ABS.                            00000000    00000000 =           0. bytes (ABS,CON)

      Value  Global                              Global Defined In Module
      -----  --------------------------------   ------------------------
     00000011  ___bank_song_song_template_5_Dat   song_song_template_5_Data
     00000011  ___bank_song_song_template_7_Dat   song_song_template_7_Data
     00000011  l__EHL_TRAMPOLINE0              
     00000012  ___bank_VM_UI                      vm_ui
     00000012  ___bank_bg_axalotiawilds_tileset   bg_axalotiawilds_tileset
     00000012  ___bank_bg_bigroom_tilemap_attr    bg_bigroom_tilemap_attr
     00000012  ___bank_bg_bigroom_tileset         bg_bigroom_tileset
     00000012  ___bank_bg_bobitree_tilemap        bg_bobitree_tilemap
     00000012  ___bank_bg_bobitree_tilemap_attr   bg_bobitree_tilemap_attr
     00000012  ___bank_scene_path_to_sample_tow   scene_path_to_sample_town_sp
     00000012  ___bank_scene_scene_2_collisions   scene_scene_2_collisions
     00000012  ___bank_song_song_template_1_Dat   song_song_template_1_Data
     00000012  ___bank_song_song_template_2_Dat   song_song_template_2_Data
     00000012  b_vm_choice                        vm_ui
     00000012  b_vm_display_text                  vm_ui
     00000012  b_vm_overlay_clear                 vm_ui
     00000012  b_vm_overlay_move_to               vm_ui
     00000012  b_vm_overlay_scroll                vm_ui
     00000012  b_vm_overlay_set_map               vm_ui
     00000012  b_vm_overlay_set_scroll            vm_ui
     00000012  b_vm_overlay_set_submap            vm_ui
     00000012  b_vm_overlay_set_submap_ex         vm_ui
     00000012  b_vm_overlay_setpos                vm_ui
     00000012  b_vm_overlay_show                  vm_ui
     00000012  b_vm_overlay_wait                  vm_ui
     00000012  b_vm_set_font                      vm_ui
     00000012  b_vm_set_text_sound                vm_ui
     00000012  b_vm_switch_text_layer             vm_ui
     00000013  ___bank_VM_GAMEBOY                 vm_gameboy
     00000013  ___bank_bg_bobitown_tileset        bg_bobitown_tileset
     00000013  ___bank_bg_bubbleparalax_tileset   bg_bubbleparalax_tileset
     00000013  ___bank_song_song_template_3_Dat   song_song_template_3_Data
     00000013  ___bank_song_song_template_4_Dat   song_song_template_4_Data
     00000013  ___bank_sprite_bullet_tileset      sprite_bullet_tileset
     00000013  b_adventure_init                   adventure
     00000013  b_adventure_update                 adventure
     00000013  b_scroll_init                      scroll
     00000013  b_scroll_repaint                   scroll
     00000013  b_scroll_reset                     scroll
     00000013  b_scroll_update                    scroll
     00000013  b_shmup_init                       shmup
     00000013  b_shmup_update                     shmup
     00000013  b_topdown_init                     topdown
     00000013  b_topdown_update                   topdown
     00000013  b_vm_context_prepare               vm_gameboy
     00000013  b_vm_fade                          vm_gameboy
     00000013  b_vm_get_tile_xy                   vm_gameboy
     00000013  b_vm_input_attach                  vm_gameboy
     00000013  b_vm_input_detach                  vm_gameboy
     00000013  b_vm_input_get                     vm_gameboy
     00000013  b_vm_input_wait                    vm_gameboy
ASxxxx Linker V03.00 + NoICE + sdld,  page 8.
Hexadecimal  [32-Bits]

Area                                    Addr        Size        Decimal Bytes (Attributes)
--------------------------------        ----        ----        ------- ----- ------------
.  .ABS.                            00000000    00000000 =           0. bytes (ABS,CON)

      Value  Global                              Global Defined In Module
      -----  --------------------------------   ------------------------
     00000013  b_vm_load_tiles                    vm_gameboy
     00000013  b_vm_load_tileset                  vm_gameboy
     00000013  b_vm_poll                          vm_gameboy
     00000013  b_vm_replace_tile                  vm_gameboy
     00000013  b_vm_replace_tile_xy               vm_gameboy
     00000013  b_vm_rumble                        vm_gameboy
     00000013  b_vm_set_sprite_mode               vm_gameboy
     00000013  b_vm_set_sprites_visible           vm_gameboy
     00000013  b_vm_timer_prepare                 vm_gameboy
     00000013  b_vm_timer_reset                   vm_gameboy
     00000013  b_vm_timer_set                     vm_gameboy
     00000013  b_vm_timer_stop                    vm_gameboy
     00000014  ___bank_bg_bobiforest_tileset      bg_bobiforest_tileset
     00000014  ___bank_bg_bobispace_tileset       bg_bobispace_tileset
     00000014  ___bank_bg_bubbleparalax_tilemap   bg_bubbleparalax_tilemap
     00000014  ___bank_bg_bubbleparalax_tilemap   bg_bubbleparalax_tilemap_att
     00000014  ___bank_bg_glitchland_tileset      bg_glitchland_tileset
     00000014  ___bank_bg_room_tileset            bg_room_tileset
     00000014  ___bank_bg_tilleworld_tileset      bg_tilleworld_tileset
     00000014  ___bank_bg_underground_tilemap_a   bg_underground_tilemap_attr
     00000014  ___bank_scene_45_collisions        scene_45_collisions
     00000014  ___bank_scene_scene_20_triggers    scene_scene_20_triggers
     00000014  ___bank_scene_scene_37_collision   scene_scene_37_collisions
     00000014  ___bank_song_song_template_Data    song_song_template_Data
     00000015  ___bank_VM_SIO                     vm_sio
     00000015  ___bank_bg_cave_tileset            bg_cave_tileset
     00000015  ___bank_bg_chubeesphinxinside_ti   bg_chubeesphinxinside_tilese
     00000015  ___bank_bg_parallax_tileset        bg_parallax_tileset
     00000015  ___bank_bg_puzzle_tileset          bg_puzzle_tileset
     00000015  ___bank_bg_rovasland_tileset       bg_rovasland_tileset
     00000015  ___bank_bg_underground_tilemap     bg_underground_tilemap
     00000015  ___bank_scene_underground_collis   scene_underground_collisions
     00000015  ___bank_sprite_player_platform     sprite_player_platform
     00000015  ___bank_sprite_player_platform_t   sprite_player_platform_tiles
     00000015  b___HandleCrash_banked             
     00000015  b_core_reset                       core
     00000015  b_core_run                         core
     00000015  b_data_clear                       load_save
     00000015  b_data_init                        load_save
     00000015  b_data_load                        load_save
     00000015  b_data_peek                        load_save
     00000015  b_data_save                        load_save
     00000015  b_gbprinter_detect                 gbprinter
     00000015  b_gbprinter_print_overlay          gbprinter
     00000015  b_pointnclick_init                 pointnclick
     00000015  b_pointnclick_update               pointnclick
     00000015  b_projectile_launch                projectiles
     00000015  b_projectiles_init                 projectiles
     00000015  b_trigger_activate_at              trigger
     00000015  b_trigger_activate_at_intersecti   trigger
     00000015  b_trigger_at_intersection          trigger
ASxxxx Linker V03.00 + NoICE + sdld,  page 9.
Hexadecimal  [32-Bits]

Area                                    Addr        Size        Decimal Bytes (Attributes)
--------------------------------        ----        ----        ------- ----- ------------
.  .ABS.                            00000000    00000000 =           0. bytes (ABS,CON)

      Value  Global                              Global Defined In Module
      -----  --------------------------------   ------------------------
     00000015  b_trigger_at_tile                  trigger
     00000015  b_trigger_interact                 trigger
     00000015  b_trigger_reset                    trigger
     00000015  b_vm_sio_exchange                  vm_sio
     00000015  b_vm_sio_set_mode                  vm_sio
     00000016  ___bank_VM_LOAD_SAVE               vm_load_save
     00000016  ___bank_VM_PALETTE                 vm_palette
     00000016  ___bank_actor_3_interact           actor_3_interact
     00000016  ___bank_bg_3dtac1_tilemap          bg_3dtac1_tilemap
     00000016  ___bank_bg_3dtac1_tilemap_attr     bg_3dtac1_tilemap_attr
     00000016  ___bank_bg_bigroom_tilemap         bg_bigroom_tilemap
     00000016  ___bank_bg_cave_tilemap            bg_cave_tilemap
     00000016  ___bank_bg_cave_tilemap_attr       bg_cave_tilemap_attr
     00000016  ___bank_bg_cell_tilemap            bg_cell_tilemap
     00000016  ___bank_bg_cell_tilemap_attr       bg_cell_tilemap_attr
     00000016  ___bank_bg_cellright_tilemap       bg_cellright_tilemap
     00000016  ___bank_bg_cellright_tilemap_att   bg_cellright_tilemap_attr
     00000016  ___bank_bg_cellright_tileset       bg_cellright_tileset
     00000016  ___bank_bg_chubeesphinxinside_ti   bg_chubeesphinxinside_tilema
     00000016  ___bank_bg_glythchhall_tileset     bg_glythchhall_tileset
     00000016  ___bank_bg_house_tileset           bg_house_tileset
     00000016  ___bank_bg_inventory_tileset       bg_inventory_tileset
     00000016  ___bank_bg_map_tileset             bg_map_tileset
     00000016  ___bank_bg_menu_page2_tileset      bg_menu_page2_tileset
     00000016  ___bank_bg_underwater_tileset      bg_underwater_tileset
     00000016  ___bank_scene_cave_actors          scene_cave_actors
     00000016  ___bank_scene_scene_31_collision   scene_scene_31_collisions
     00000016  ___bank_scene_scene_36_actors      scene_scene_36_actors
     00000016  ___bank_scene_space_battle_actor   scene_space_battle_actors
     00000016  ___bank_sprite_akandni_tileset     sprite_akandni_tileset
     00000016  ___bank_sprite_elephant            sprite_elephant
     00000016  ___bank_sprite_lotlplatform_tile   sprite_lotlplatform_tileset
     00000016  ___bank_sprite_lotlsmall_tileset   sprite_lotlsmall_tileset
     00000016  ___bank_sprite_npc006_tileset      sprite_npc006_tileset
     00000016  ___bank_sprite_player_ship_tiles   sprite_player_ship_tileset
     00000016  ___bank_sprite_player_tileset      sprite_player_tileset
     00000016  ___bank_trigger_18_interact        trigger_18_interact
     00000016  b_fade_applypalettechange          fade_manager
     00000016  b_fade_in                          fade_manager
     00000016  b_fade_in_modal                    fade_manager
     00000016  b_fade_init                        fade_manager
     00000016  b_fade_out                         fade_manager
     00000016  b_fade_out_modal                   fade_manager
     00000016  b_fade_setspeed                    fade_manager
     00000016  b_fade_update                      fade_manager
     00000016  b_vm_load_palette                  vm_palette
     00000016  b_vm_save_clear                    vm_load_save
     00000016  b_vm_save_peek                     vm_load_save
     00000017  ___bank_bg_chubeesphinxinside_ti   bg_chubeesphinxinside_tilema
     00000017  ___bank_bg_crystalroom_tilemap     bg_crystalroom_tilemap
     00000017  ___bank_bg_elevator_tilemap        bg_elevator_tilemap
ASxxxx Linker V03.00 + NoICE + sdld,  page 10.
Hexadecimal  [32-Bits]

Area                                    Addr        Size        Decimal Bytes (Attributes)
--------------------------------        ----        ----        ------- ----- ------------
.  .ABS.                            00000000    00000000 =           0. bytes (ABS,CON)

      Value  Global                              Global Defined In Module
      -----  --------------------------------   ------------------------
     00000017  ___bank_bg_elevator_tilemap_attr   bg_elevator_tilemap_attr
     00000017  ___bank_bg_elevatorinside_tilema   bg_elevatorinside_tilemap
     00000017  ___bank_bg_elevatorinside_tilema   bg_elevatorinside_tilemap_at
     00000017  ___bank_bg_glythchhall_tilemap     bg_glythchhall_tilemap
     00000017  ___bank_bg_house_tilemap           bg_house_tilemap
     00000017  ___bank_bg_house_tilemap_attr      bg_house_tilemap_attr
     00000017  ___bank_bg_inventory_tilemap       bg_inventory_tilemap
     00000017  ___bank_bg_inventory_tilemap_att   bg_inventory_tilemap_attr
     00000017  ___bank_bg_lotlroom_tilemap        bg_lotlroom_tilemap
     00000017  ___bank_bg_map_tilemap             bg_map_tilemap
     00000017  ___bank_bg_menu_page1_tilemap      bg_menu_page1_tilemap
     00000017  ___bank_bg_menu_page2_tilemap      bg_menu_page2_tilemap
     00000017  ___bank_bg_menu_tilemap            bg_menu_tilemap
     00000017  ___bank_bg_menu_tilemap_attr       bg_menu_tilemap_attr
     00000017  ___bank_bg_puzzle_tilemap          bg_puzzle_tilemap
     00000017  ___bank_bg_puzzle_tilemap_attr     bg_puzzle_tilemap_attr
     00000017  ___bank_bg_room_tilemap            bg_room_tilemap
     00000017  ___bank_bg_room_tilemap_attr       bg_room_tilemap_attr
     00000017  ___bank_bg_thebobitree_tilemap_a   bg_thebobitree_tilemap_attr
     00000017  ___bank_bg_titlescreen_tilemap_a   bg_titlescreen_tilemap_attr
     00000017  ___bank_scene_0_collisions         scene_0_collisions
     00000017  ___bank_scene_1_collisions         scene_1_collisions
     00000017  ___bank_scene_46_collisions        scene_46_collisions
     00000017  ___bank_scene_47_collisions        scene_47_collisions
     00000017  ___bank_scene_50_collisions        scene_50_collisions
     00000017  ___bank_scene_51_collisions        scene_51_collisions
     00000017  ___bank_scene_52_collisions        scene_52_collisions
     00000017  ___bank_scene_cave_collisions      scene_cave_collisions
     00000017  ___bank_scene_menu_page_1_collis   scene_menu_page_1_collisions
     00000017  ___bank_scene_menu_page_2_collis   scene_menu_page_2_collisions
     00000017  ___bank_scene_player_s_house_col   scene_player_s_house_collisi
     00000017  ___bank_scene_scene_16_collision   scene_scene_16_collisions
     00000017  ___bank_scene_scene_1_collisions   scene_scene_1_collisions
     00000017  ___bank_scene_scene_22_collision   scene_scene_22_collisions
     00000017  ___bank_scene_scene_27_collision   scene_scene_27_collisions
     00000017  ___bank_scene_scene_28_collision   scene_scene_28_collisions
     00000017  ___bank_scene_scene_29_collision   scene_scene_29_collisions
     00000017  ___bank_scene_scene_30_collision   scene_scene_30_collisions
     00000017  ___bank_scene_scene_32_collision   scene_scene_32_collisions
     00000017  ___bank_scene_scene_33_collision   scene_scene_33_collisions
     00000017  ___bank_scene_scene_34_collision   scene_scene_34_collisions
     00000017  ___bank_scene_scene_3_collisions   scene_scene_3_collisions
     00000017  ___bank_trigger_93_interact        trigger_93_interact
     00000018  ___bank_VM_GBPRINTER               vm_gbprinter
     00000018  ___bank_VM_MATH                    vm_math
     00000018  ___bank_VM_MUSIC                   vm_music
     00000018  ___bank_VM_PROJECTILE              vm_projectiles
     00000018  ___bank_VM_RTC                     vm_rtc
     00000018  ___bank_VM_SCENE                   vm_scene
     00000018  ___bank_actor_0_interact           actor_0_interact
     00000018  ___bank_actor_16_interact          actor_16_interact
ASxxxx Linker V03.00 + NoICE + sdld,  page 11.
Hexadecimal  [32-Bits]

Area                                    Addr        Size        Decimal Bytes (Attributes)
--------------------------------        ----        ----        ------- ----- ------------
.  .ABS.                            00000000    00000000 =           0. bytes (ABS,CON)

      Value  Global                              Global Defined In Module
      -----  --------------------------------   ------------------------
     00000018  ___bank_actor_1_interact           actor_1_interact
     00000018  ___bank_actor_28_interact          actor_28_interact
     00000018  ___bank_actor_29_interact          actor_29_interact
     00000018  ___bank_actor_2_interact           actor_2_interact
     00000018  ___bank_actor_34_interact          actor_34_interact
     00000018  ___bank_actor_39_interact          actor_39_interact
     00000018  ___bank_actor_51_interact          actor_51_interact
     00000018  ___bank_actor_52_interact          actor_52_interact
     00000018  ___bank_actor_53_interact          actor_53_interact
     00000018  ___bank_actor_8_interact           actor_8_interact
     00000018  ___bank_actor_ice_block_interact   actor_ice_block_interact
     00000018  ___bank_actor_save_point_interac   actor_save_point_interact
     00000018  ___bank_actor_sign_post_interact   actor_sign_post_interact
     00000018  ___bank_bg_elevator_tileset        bg_elevator_tileset
     00000018  ___bank_bg_elevatorinside_tilese   bg_elevatorinside_tileset
     00000018  ___bank_bg_hidden_cave_tileset     bg_hidden_cave_tileset
     00000018  ___bank_scene_46_sprites           scene_46_sprites
     00000018  ___bank_scene_50_init              scene_50_init
     00000018  ___bank_scene_menu_page_1_actors   scene_menu_page_1_actors
     00000018  ___bank_scene_menu_page_1_init     scene_menu_page_1_init
     00000018  ___bank_scene_menu_page_2_actors   scene_menu_page_2_actors
     00000018  ___bank_scene_menu_page_2_init     scene_menu_page_2_init
     00000018  ___bank_scene_sample_town_actors   scene_sample_town_actors
     00000018  ___bank_scene_scene_19_actors      scene_scene_19_actors
     00000018  ___bank_scene_scene_23_actors      scene_scene_23_actors
     00000018  ___bank_scene_scene_35_collision   scene_scene_35_collisions
     00000018  ___bank_scene_scene_39_collision   scene_scene_39_collisions
     00000018  ___bank_scene_scene_40_collision   scene_scene_40_collisions
     00000018  ___bank_scene_scene_41_collision   scene_scene_41_collisions
     00000018  ___bank_scene_scene_42_collision   scene_scene_42_collisions
     00000018  ___bank_scene_title_screen_colli   scene_title_screen_collision
     00000018  ___bank_scene_title_screen_init    scene_title_screen_init
     00000018  ___bank_scene_top_house_collisio   scene_top_house_collisions
     00000018  ___bank_scene_underground_actors   scene_underground_actors
     00000018  ___bank_script_enemy_ship_moveme   script_enemy_ship_movement_
     00000018  ___bank_sprite_akandni             sprite_akandni
     00000018  ___bank_sprite_bullet_left_tiles   sprite_bullet_left_tileset
     00000018  ___bank_sprite_door                sprite_door
     00000018  ___bank_sprite_enemy_ship          sprite_enemy_ship
     00000018  ___bank_sprite_enemy_ship_tilese   sprite_enemy_ship_tileset
     00000018  ___bank_sprite_fire_tileset        sprite_fire_tileset
     00000018  ___bank_sprite_glitchados_tilese   sprite_glitchados_tileset
     00000018  ___bank_sprite_lotl_tileset        sprite_lotl_tileset
     00000018  ___bank_sprite_lotlsmall           sprite_lotlsmall
     00000018  ___bank_sprite_minitac             sprite_minitac
     00000018  ___bank_sprite_minitac_tileset     sprite_minitac_tileset
     00000018  ___bank_sprite_npc001_tileset      sprite_npc001_tileset
     00000018  ___bank_sprite_npc005              sprite_npc005
     00000018  ___bank_sprite_npc005_tileset      sprite_npc005_tileset
     00000018  ___bank_sprite_oldlotl_tileset     sprite_oldlotl_tileset
     00000018  ___bank_sprite_player              sprite_player
ASxxxx Linker V03.00 + NoICE + sdld,  page 12.
Hexadecimal  [32-Bits]

Area                                    Addr        Size        Decimal Bytes (Attributes)
--------------------------------        ----        ----        ------- ----- ------------
.  .ABS.                            00000000    00000000 =           0. bytes (ABS,CON)

      Value  Global                              Global Defined In Module
      -----  --------------------------------   ------------------------
     00000018  ___bank_sprite_player_ship         sprite_player_ship
     00000018  ___bank_sprite_shadylotl_tileset   sprite_shadylotl_tileset
     00000018  ___bank_sprite_tardig_tileset      sprite_tardig_tileset
     00000018  ___bank_sprite_tille_tileset       sprite_tille_tileset
     00000018  ___bank_trigger_66_interact        trigger_66_interact
     00000018  b_erase_flash                      
     00000018  b_itoa_fmt                         vm_ui_a
     00000018  b_music_events_poll                music_manager
     00000018  b_music_init_driver                music_manager
     00000018  b_music_init_events                music_manager
     00000018  b_save_sram_banks                  
     00000018  b_vm_cos_scale                     vm_math
     00000018  b_vm_music_mute                    vm_music
     00000018  b_vm_music_play                    vm_music
     00000018  b_vm_music_routine                 vm_music
     00000018  b_vm_music_setpos                  vm_music
     00000018  b_vm_music_stop                    vm_music
     00000018  b_vm_print_detect                  vm_gbprinter
     00000018  b_vm_print_overlay                 vm_gbprinter
     00000018  b_vm_projectile_launch             vm_projectiles
     00000018  b_vm_projectile_load_type          vm_projectiles
     00000018  b_vm_rtc_get                       vm_rtc
     00000018  b_vm_rtc_latch                     vm_rtc
     00000018  b_vm_rtc_set                       vm_rtc
     00000018  b_vm_rtc_start                     vm_rtc
     00000018  b_vm_scene_pop                     vm_scene
     00000018  b_vm_scene_pop_all                 vm_scene
     00000018  b_vm_scene_push                    vm_scene
     00000018  b_vm_scene_stack_reset             vm_scene
     00000018  b_vm_sfx_play                      vm_music
     00000018  b_vm_sin_scale                     vm_math
     00000018  b_vm_sound_mastervol               vm_music
     00000019  ___bank_actor_10_interact          actor_10_interact
     00000019  ___bank_actor_11_interact          actor_11_interact
     00000019  ___bank_actor_26_interact          actor_26_interact
     00000019  ___bank_actor_31_interact          actor_31_interact
     00000019  ___bank_actor_33_interact          actor_33_interact
     00000019  ___bank_actor_37_interact          actor_37_interact
     00000019  ___bank_actor_44_interact          actor_44_interact
     00000019  ___bank_actor_45_interact          actor_45_interact
     00000019  ___bank_actor_45_update            actor_45_update
     00000019  ___bank_actor_46_update            actor_46_update
     00000019  ___bank_actor_47_interact          actor_47_interact
     00000019  ___bank_actor_47_update            actor_47_update
     00000019  ___bank_actor_49_update            actor_49_update
     00000019  ___bank_actor_50_update            actor_50_update
     00000019  ___bank_actor_51_update            actor_51_update
     00000019  ___bank_actor_56_update            actor_56_update
     00000019  ___bank_actor_chest_interact       actor_chest_interact
     00000019  ___bank_actor_rock_1_interact      actor_rock_1_interact
     00000019  ___bank_actor_rock_2_interact      actor_rock_2_interact
ASxxxx Linker V03.00 + NoICE + sdld,  page 13.
Hexadecimal  [32-Bits]

Area                                    Addr        Size        Decimal Bytes (Attributes)
--------------------------------        ----        ----        ------- ----- ------------
.  .ABS.                            00000000    00000000 =           0. bytes (ABS,CON)

      Value  Global                              Global Defined In Module
      -----  --------------------------------   ------------------------
     00000019  ___bank_actor_rock_3_interact      actor_rock_3_interact
     00000019  ___bank_emote_anger                emote_anger
     00000019  ___bank_emote_love                 emote_love
     00000019  ___bank_emote_question             emote_question
     00000019  ___bank_emote_shock                emote_shock
     00000019  ___bank_emote_sleep                emote_sleep
     00000019  ___bank_emote_sweat                emote_sweat
     00000019  ___bank_frame_image                frame_image
     00000019  ___bank_palette_0                  palette_0
     00000019  ___bank_palette_1                  palette_1
     00000019  ___bank_palette_10                 palette_10
     00000019  ___bank_palette_11                 palette_11
     00000019  ___bank_palette_12                 palette_12
     00000019  ___bank_palette_13                 palette_13
     00000019  ___bank_palette_14                 palette_14
     00000019  ___bank_palette_15                 palette_15
     00000019  ___bank_palette_16                 palette_16
     00000019  ___bank_palette_17                 palette_17
     00000019  ___bank_palette_18                 palette_18
     00000019  ___bank_palette_19                 palette_19
     00000019  ___bank_palette_2                  palette_2
     00000019  ___bank_palette_20                 palette_20
     00000019  ___bank_palette_21                 palette_21
     00000019  ___bank_palette_22                 palette_22
     00000019  ___bank_palette_23                 palette_23
     00000019  ___bank_palette_24                 palette_24
     00000019  ___bank_palette_25                 palette_25
     00000019  ___bank_palette_26                 palette_26
     00000019  ___bank_palette_27                 palette_27
     00000019  ___bank_palette_28                 palette_28
     00000019  ___bank_palette_29                 palette_29
     00000019  ___bank_palette_3                  palette_3
     00000019  ___bank_palette_30                 palette_30
     00000019  ___bank_palette_31                 palette_31
     00000019  ___bank_palette_32                 palette_32
     00000019  ___bank_palette_33                 palette_33
     00000019  ___bank_palette_34                 palette_34
     00000019  ___bank_palette_35                 palette_35
     00000019  ___bank_palette_4                  palette_4
     00000019  ___bank_palette_5                  palette_5
     00000019  ___bank_palette_6                  palette_6
     00000019  ___bank_palette_7                  palette_7
     00000019  ___bank_palette_8                  palette_8
     00000019  ___bank_palette_9                  palette_9
     00000019  ___bank_scene_0                    scene_0
     00000019  ___bank_scene_1                    scene_1
     00000019  ___bank_scene_43                   scene_43
     00000019  ___bank_scene_43_actors            scene_43_actors
     00000019  ___bank_scene_44                   scene_44
     00000019  ___bank_scene_45                   scene_45
     00000019  ___bank_scene_45_actors            scene_45_actors
ASxxxx Linker V03.00 + NoICE + sdld,  page 14.
Hexadecimal  [32-Bits]

Area                                    Addr        Size        Decimal Bytes (Attributes)
--------------------------------        ----        ----        ------- ----- ------------
.  .ABS.                            00000000    00000000 =           0. bytes (ABS,CON)

      Value  Global                              Global Defined In Module
      -----  --------------------------------   ------------------------
     00000019  ___bank_scene_46                   scene_46
     00000019  ___bank_scene_46_actors            scene_46_actors
     00000019  ___bank_scene_47                   scene_47
     00000019  ___bank_scene_50                   scene_50
     00000019  ___bank_scene_51                   scene_51
     00000019  ___bank_scene_51_actors            scene_51_actors
     00000019  ___bank_scene_52                   scene_52
     00000019  ___bank_scene_52_actors            scene_52_actors
     00000019  ___bank_scene_52_init              scene_52_init
     00000019  ___bank_scene_cave                 scene_cave
     00000019  ___bank_scene_cave_init            scene_cave_init
     00000019  ___bank_scene_deeper_underground   scene_deeper_underground
     00000019  ___bank_scene_deeper_underground   scene_deeper_underground_act
     00000019  ___bank_scene_deeper_underground   scene_deeper_underground_ini
     00000019  ___bank_scene_menu_page_1          scene_menu_page_1
     00000019  ___bank_scene_menu_page_2          scene_menu_page_2
     00000019  ___bank_scene_path_to_sample_tow   scene_path_to_sample_town
     00000019  ___bank_scene_path_to_sample_tow   scene_path_to_sample_town_ac
     00000019  ___bank_scene_path_to_sample_tow   scene_path_to_sample_town_in
     00000019  ___bank_scene_player_s_house       scene_player_s_house
     00000019  ___bank_scene_sample_town          scene_sample_town
     00000019  ___bank_scene_sample_town_init     scene_sample_town_init
     00000019  ___bank_scene_sample_town_trigge   scene_sample_town_triggers
     00000019  ___bank_scene_scene_0              scene_scene_0
     00000019  ___bank_scene_scene_1              scene_scene_1
     00000019  ___bank_scene_scene_16             scene_scene_16
     00000019  ___bank_scene_scene_16_actors      scene_scene_16_actors
     00000019  ___bank_scene_scene_17             scene_scene_17
     00000019  ___bank_scene_scene_17_actors      scene_scene_17_actors
     00000019  ___bank_scene_scene_18             scene_scene_18
     00000019  ___bank_scene_scene_18_actors      scene_scene_18_actors
     00000019  ___bank_scene_scene_19             scene_scene_19
     00000019  ___bank_scene_scene_19_triggers    scene_scene_19_triggers
     00000019  ___bank_scene_scene_1_actors       scene_scene_1_actors
     00000019  ___bank_scene_scene_2              scene_scene_2
     00000019  ___bank_scene_scene_20             scene_scene_20
     00000019  ___bank_scene_scene_20_actors      scene_scene_20_actors
     00000019  ___bank_scene_scene_21             scene_scene_21
     00000019  ___bank_scene_scene_22             scene_scene_22
     00000019  ___bank_scene_scene_22_init        scene_scene_22_init
     00000019  ___bank_scene_scene_23             scene_scene_23
     00000019  ___bank_scene_scene_24             scene_scene_24
     00000019  ___bank_scene_scene_24_actors      scene_scene_24_actors
     00000019  ___bank_scene_scene_25             scene_scene_25
     00000019  ___bank_scene_scene_25_actors      scene_scene_25_actors
     00000019  ___bank_scene_scene_27             scene_scene_27
     00000019  ___bank_scene_scene_27_actors      scene_scene_27_actors
     00000019  ___bank_scene_scene_28             scene_scene_28
     00000019  ___bank_scene_scene_28_actors      scene_scene_28_actors
     00000019  ___bank_scene_scene_29             scene_scene_29
     00000019  ___bank_scene_scene_29_init        scene_scene_29_init
ASxxxx Linker V03.00 + NoICE + sdld,  page 15.
Hexadecimal  [32-Bits]

Area                                    Addr        Size        Decimal Bytes (Attributes)
--------------------------------        ----        ----        ------- ----- ------------
.  .ABS.                            00000000    00000000 =           0. bytes (ABS,CON)

      Value  Global                              Global Defined In Module
      -----  --------------------------------   ------------------------
     00000019  ___bank_scene_scene_3              scene_scene_3
     00000019  ___bank_scene_scene_30             scene_scene_30
     00000019  ___bank_scene_scene_31             scene_scene_31
     00000019  ___bank_scene_scene_31_actors      scene_scene_31_actors
     00000019  ___bank_scene_scene_32             scene_scene_32
     00000019  ___bank_scene_scene_33             scene_scene_33
     00000019  ___bank_scene_scene_34             scene_scene_34
     00000019  ___bank_scene_scene_35             scene_scene_35
     00000019  ___bank_scene_scene_36             scene_scene_36
     00000019  ___bank_scene_scene_37             scene_scene_37
     00000019  ___bank_scene_scene_38             scene_scene_38
     00000019  ___bank_scene_scene_39             scene_scene_39
     00000019  ___bank_scene_scene_3_actors       scene_scene_3_actors
     00000019  ___bank_scene_scene_4              scene_scene_4
     00000019  ___bank_scene_scene_40             scene_scene_40
     00000019  ___bank_scene_scene_41             scene_scene_41
     00000019  ___bank_scene_scene_42             scene_scene_42
     00000019  ___bank_scene_scene_42_actors      scene_scene_42_actors
     00000019  ___bank_scene_scene_42_init        scene_scene_42_init
     00000019  ___bank_scene_scene_42_triggers    scene_scene_42_triggers
     00000019  ___bank_scene_space_battle         scene_space_battle
     00000019  ___bank_scene_space_battle_init    scene_space_battle_init
     00000019  ___bank_scene_space_battle_p_hit   scene_space_battle_p_hit1
     00000019  ___bank_scene_title_screen         scene_title_screen
     00000019  ___bank_scene_top_house            scene_top_house
     00000019  ___bank_scene_top_house_actors     scene_top_house_actors
     00000019  ___bank_scene_underground          scene_underground
     00000019  ___bank_scene_underground_init     scene_underground_init
     00000019  ___bank_script_enemy_ship_destro   script_enemy_ship_destroy
     00000019  ___bank_script_engine_init         
     00000019  ___bank_script_input_10            script_input_10
     00000019  ___bank_script_input_18            script_input_18
     00000019  ___bank_script_input_19            script_input_19
     00000019  ___bank_script_input_21            script_input_21
     00000019  ___bank_script_input_7             script_input_7
     00000019  ___bank_script_input_8             script_input_8
     00000019  ___bank_script_input_9             script_input_9
     00000019  ___bank_sound_legacy_0             sound_legacy_0
     00000019  ___bank_sprite_bullet              sprite_bullet
     00000019  ___bank_sprite_bullet_left         sprite_bullet_left
     00000019  ___bank_sprite_checkbox            sprite_checkbox
     00000019  ___bank_sprite_checkbox_tileset    sprite_checkbox_tileset
     00000019  ___bank_sprite_chest               sprite_chest
     00000019  ___bank_sprite_chest_tileset       sprite_chest_tileset
     00000019  ___bank_sprite_chubbeescouts       sprite_chubbeescouts
     00000019  ___bank_sprite_chubbeescouts_til   sprite_chubbeescouts_tileset
     00000019  ___bank_sprite_crystaltops         sprite_crystaltops
     00000019  ___bank_sprite_crystaltops_tiles   sprite_crystaltops_tileset
     00000019  ___bank_sprite_cursor              sprite_cursor
     00000019  ___bank_sprite_cursor_tileset      sprite_cursor_tileset
     00000019  ___bank_sprite_door_tileset        sprite_door_tileset
ASxxxx Linker V03.00 + NoICE + sdld,  page 16.
Hexadecimal  [32-Bits]

Area                                    Addr        Size        Decimal Bytes (Attributes)
--------------------------------        ----        ----        ------- ----- ------------
.  .ABS.                            00000000    00000000 =           0. bytes (ABS,CON)

      Value  Global                              Global Defined In Module
      -----  --------------------------------   ------------------------
     00000019  ___bank_sprite_fire                sprite_fire
     00000019  ___bank_sprite_glitchados          sprite_glitchados
     00000019  ___bank_sprite_hidden_stairs       sprite_hidden_stairs
     00000019  ___bank_sprite_holopen             sprite_holopen
     00000019  ___bank_sprite_holopen_tileset     sprite_holopen_tileset
     00000019  ___bank_sprite_ice                 sprite_ice
     00000019  ___bank_sprite_ice_tileset         sprite_ice_tileset
     00000019  ___bank_sprite_lotl                sprite_lotl
     00000019  ___bank_sprite_lotlba              sprite_lotlba
     00000019  ___bank_sprite_lotlba_tileset      sprite_lotlba_tileset
     00000019  ___bank_sprite_machine             sprite_machine
     00000019  ___bank_sprite_machine_tileset     sprite_machine_tileset
     00000019  ___bank_sprite_npc001              sprite_npc001
     00000019  ___bank_sprite_npc002              sprite_npc002
     00000019  ___bank_sprite_npc002_tileset      sprite_npc002_tileset
     00000019  ___bank_sprite_npc006              sprite_npc006
     00000019  ___bank_sprite_oldlotl             sprite_oldlotl
     00000019  ___bank_sprite_radio               sprite_radio
     00000019  ___bank_sprite_radio_tileset       sprite_radio_tileset
     00000019  ___bank_sprite_rock                sprite_rock
     00000019  ___bank_sprite_rock_tileset        sprite_rock_tileset
     00000019  ___bank_sprite_savepoint           sprite_savepoint
     00000019  ___bank_sprite_savepoint_tileset   sprite_savepoint_tileset
     00000019  ___bank_sprite_shadylotl           sprite_shadylotl
     00000019  ___bank_sprite_signpost            sprite_signpost
     00000019  ___bank_sprite_signpost_tileset    sprite_signpost_tileset
     00000019  ___bank_sprite_tardig              sprite_tardig
     00000019  ___bank_sprite_tille               sprite_tille
     00000019  ___bank_sprite_torch               sprite_torch
     00000019  ___bank_sprite_torch_tileset       sprite_torch_tileset
     00000019  ___bank_trigger_11_interact        trigger_11_interact
     00000019  ___bank_trigger_12_interact        trigger_12_interact
     00000019  ___bank_trigger_24_interact        trigger_24_interact
     00000019  ___bank_trigger_25_interact        trigger_25_interact
     00000019  ___bank_trigger_27_interact        trigger_27_interact
     00000019  ___bank_trigger_28_interact        trigger_28_interact
     00000019  ___bank_trigger_29_interact        trigger_29_interact
     00000019  ___bank_trigger_32_interact        trigger_32_interact
     00000019  ___bank_trigger_33_interact        trigger_33_interact
     00000019  ___bank_trigger_34_interact        trigger_34_interact
     00000019  ___bank_trigger_46_interact        trigger_46_interact
     00000019  ___bank_trigger_53_interact        trigger_53_interact
     00000019  ___bank_trigger_56_interact        trigger_56_interact
     00000019  ___bank_trigger_67_interact        trigger_67_interact
     00000019  ___bank_trigger_68_interact        trigger_68_interact
     00000019  ___bank_trigger_69_interact        trigger_69_interact
     00000019  ___bank_trigger_70_interact        trigger_70_interact
     00000019  ___bank_trigger_71_interact        trigger_71_interact
     00000019  ___bank_trigger_72_interact        trigger_72_interact
     00000019  ___bank_trigger_73_interact        trigger_73_interact
     00000019  ___bank_trigger_74_interact        trigger_74_interact
ASxxxx Linker V03.00 + NoICE + sdld,  page 17.
Hexadecimal  [32-Bits]

Area                                    Addr        Size        Decimal Bytes (Attributes)
--------------------------------        ----        ----        ------- ----- ------------
.  .ABS.                            00000000    00000000 =           0. bytes (ABS,CON)

      Value  Global                              Global Defined In Module
      -----  --------------------------------   ------------------------
     00000019  ___bank_trigger_90_interact        trigger_90_interact
     00000019  b_CGBZeroPalette                   palette
     00000019  b_palette_init                     palette
     00000019  b_scroll_rect                      
     00000019  l__INITIALIZED                  
     00000019  l__INITIALIZER                  
     0000001A  ___bank_actor_10_update            actor_10_update
     0000001A  ___bank_actor_11_update            actor_11_update
     0000001A  ___bank_actor_12_interact          actor_12_interact
     0000001A  ___bank_actor_12_update            actor_12_update
     0000001A  ___bank_actor_13_interact          actor_13_interact
     0000001A  ___bank_actor_13_update            actor_13_update
     0000001A  ___bank_actor_14_interact          actor_14_interact
     0000001A  ___bank_actor_14_update            actor_14_update
     0000001A  ___bank_actor_15_interact          actor_15_interact
     0000001A  ___bank_actor_15_update            actor_15_update
     0000001A  ___bank_actor_22_interact          actor_22_interact
     0000001A  ___bank_actor_41_interact          actor_41_interact
     0000001A  ___bank_actor_49_interact          actor_49_interact
     0000001A  ___bank_actor_4_interact           actor_4_interact
     0000001A  ___bank_actor_9_interact           actor_9_interact
     0000001A  ___bank_actor_9_update             actor_9_update
     0000001A  ___bank_actor_radio_interact       actor_radio_interact
     0000001A  ___bank_actor_sign_post_0_intera   actor_sign_post_0_interact
     0000001A  ___bank_bg_axalotiacity            bg_axalotiacity
     0000001A  ___bank_bg_axalotiaspace           bg_axalotiaspace
     0000001A  ___bank_bg_axalotiawilds           bg_axalotiawilds
     0000001A  ___bank_bg_bigroom                 bg_bigroom
     0000001A  ___bank_bg_bobiforest              bg_bobiforest
     0000001A  ___bank_bg_bobispace               bg_bobispace
     0000001A  ___bank_bg_bobitown                bg_bobitown
     0000001A  ___bank_bg_bobitree                bg_bobitree
     0000001A  ___bank_bg_bopic                   bg_bopic
     0000001A  ___bank_bg_bubbleparalax           bg_bubbleparalax
     0000001A  ___bank_bg_cave                    bg_cave
     0000001A  ___bank_bg_cell                    bg_cell
     0000001A  ___bank_bg_cellright               bg_cellright
     0000001A  ___bank_bg_chubeecity              bg_chubeecity
     0000001A  ___bank_bg_chubeesphinxinside      bg_chubeesphinxinside
     0000001A  ___bank_bg_crystalroom             bg_crystalroom
     0000001A  ___bank_bg_dreamsharkpic           bg_dreamsharkpic
     0000001A  ___bank_bg_elevator                bg_elevator
     0000001A  ___bank_bg_elevatorinside          bg_elevatorinside
     0000001A  ___bank_bg_finalfight              bg_finalfight
     0000001A  ___bank_bg_glitchland              bg_glitchland
     0000001A  ___bank_bg_glytchlogohall          bg_glytchlogohall
     0000001A  ___bank_bg_glythchhall             bg_glythchhall
     0000001A  ___bank_bg_hidden_cave             bg_hidden_cave
     0000001A  ___bank_bg_hillsparalax            bg_hillsparalax
     0000001A  ___bank_bg_house                   bg_house
     0000001A  ___bank_bg_inventory               bg_inventory
ASxxxx Linker V03.00 + NoICE + sdld,  page 18.
Hexadecimal  [32-Bits]

Area                                    Addr        Size        Decimal Bytes (Attributes)
--------------------------------        ----        ----        ------- ----- ------------
.  .ABS.                            00000000    00000000 =           0. bytes (ABS,CON)

      Value  Global                              Global Defined In Module
      -----  --------------------------------   ------------------------
     0000001A  ___bank_bg_lotlpic                 bg_lotlpic
     0000001A  ___bank_bg_lotlroom                bg_lotlroom
     0000001A  ___bank_bg_lotltactalk             bg_lotltactalk
     0000001A  ___bank_bg_map                     bg_map
     0000001A  ___bank_bg_menu                    bg_menu
     0000001A  ___bank_bg_menu_page1              bg_menu_page1
     0000001A  ___bank_bg_menu_page2              bg_menu_page2
     0000001A  ___bank_bg_parallax                bg_parallax
     0000001A  ___bank_bg_platform_path           bg_platform_path
     0000001A  ___bank_bg_puzzle                  bg_puzzle
     0000001A  ___bank_bg_room                    bg_room
     0000001A  ___bank_bg_rovasland               bg_rovasland
     0000001A  ___bank_bg_rovatalk                bg_rovatalk
     0000001A  ___bank_bg_tardigpic               bg_tardigpic
     0000001A  ___bank_bg_thebobitree             bg_thebobitree
     0000001A  ___bank_bg_tillespace              bg_tillespace
     0000001A  ___bank_bg_tilleworld              bg_tilleworld
     0000001A  ___bank_bg_titlescreen             bg_titlescreen
     0000001A  ___bank_bg_underground             bg_underground
     0000001A  ___bank_bg_underwater              bg_underwater
     0000001A  ___bank_bg_woodspic                bg_woodspic
     0000001A  ___bank_bootstrap_script           
     0000001A  ___bank_cursor_image               cursor_image
     0000001A  ___bank_scene_0_init               scene_0_init
     0000001A  ___bank_scene_1_init               scene_1_init
     0000001A  ___bank_scene_1_triggers           scene_1_triggers
     0000001A  ___bank_scene_43_init              scene_43_init
     0000001A  ___bank_scene_43_triggers          scene_43_triggers
     0000001A  ___bank_scene_44_init              scene_44_init
     0000001A  ___bank_scene_44_triggers          scene_44_triggers
     0000001A  ___bank_scene_45_init              scene_45_init
     0000001A  ___bank_scene_46_init              scene_46_init
     0000001A  ___bank_scene_46_triggers          scene_46_triggers
     0000001A  ___bank_scene_51_init              scene_51_init
     0000001A  ___bank_scene_51_sprites           scene_51_sprites
     0000001A  ___bank_scene_52_sprites           scene_52_sprites
     0000001A  ___bank_scene_52_triggers          scene_52_triggers
     0000001A  ___bank_scene_cave_sprites         scene_cave_sprites
     0000001A  ___bank_scene_cave_triggers        scene_cave_triggers
     0000001A  ___bank_scene_deeper_underground   scene_deeper_underground_spr
     0000001A  ___bank_scene_deeper_underground   scene_deeper_underground_tri
     0000001A  ___bank_scene_menu_page_1_sprite   scene_menu_page_1_sprites
     0000001A  ___bank_scene_menu_page_2_sprite   scene_menu_page_2_sprites
     0000001A  ___bank_scene_player_s_house_ini   scene_player_s_house_init
     0000001A  ___bank_scene_player_s_house_tri   scene_player_s_house_trigger
     0000001A  ___bank_scene_sample_town_sprite   scene_sample_town_sprites
     0000001A  ___bank_scene_scene_0_init         scene_scene_0_init
     0000001A  ___bank_scene_scene_0_triggers     scene_scene_0_triggers
     0000001A  ___bank_scene_scene_16_init        scene_scene_16_init
     0000001A  ___bank_scene_scene_16_sprites     scene_scene_16_sprites
     0000001A  ___bank_scene_scene_16_triggers    scene_scene_16_triggers
ASxxxx Linker V03.00 + NoICE + sdld,  page 19.
Hexadecimal  [32-Bits]

Area                                    Addr        Size        Decimal Bytes (Attributes)
--------------------------------        ----        ----        ------- ----- ------------
.  .ABS.                            00000000    00000000 =           0. bytes (ABS,CON)

      Value  Global                              Global Defined In Module
      -----  --------------------------------   ------------------------
     0000001A  ___bank_scene_scene_17_init        scene_scene_17_init
     0000001A  ___bank_scene_scene_17_sprites     scene_scene_17_sprites
     0000001A  ___bank_scene_scene_17_triggers    scene_scene_17_triggers
     0000001A  ___bank_scene_scene_18_init        scene_scene_18_init
     0000001A  ___bank_scene_scene_18_sprites     scene_scene_18_sprites
     0000001A  ___bank_scene_scene_18_triggers    scene_scene_18_triggers
     0000001A  ___bank_scene_scene_1_init         scene_scene_1_init
     0000001A  ___bank_scene_scene_1_sprites      scene_scene_1_sprites
     0000001A  ___bank_scene_scene_20_sprites     scene_scene_20_sprites
     0000001A  ___bank_scene_scene_21_init        scene_scene_21_init
     0000001A  ___bank_scene_scene_21_triggers    scene_scene_21_triggers
     0000001A  ___bank_scene_scene_22_triggers    scene_scene_22_triggers
     0000001A  ___bank_scene_scene_23_init        scene_scene_23_init
     0000001A  ___bank_scene_scene_23_sprites     scene_scene_23_sprites
     0000001A  ___bank_scene_scene_23_triggers    scene_scene_23_triggers
     0000001A  ___bank_scene_scene_24_init        scene_scene_24_init
     0000001A  ___bank_scene_scene_24_triggers    scene_scene_24_triggers
     0000001A  ___bank_scene_scene_25_init        scene_scene_25_init
     0000001A  ___bank_scene_scene_25_sprites     scene_scene_25_sprites
     0000001A  ___bank_scene_scene_25_triggers    scene_scene_25_triggers
     0000001A  ___bank_scene_scene_27_init        scene_scene_27_init
     0000001A  ___bank_scene_scene_27_triggers    scene_scene_27_triggers
     0000001A  ___bank_scene_scene_28_init        scene_scene_28_init
     0000001A  ___bank_scene_scene_28_sprites     scene_scene_28_sprites
     0000001A  ___bank_scene_scene_28_triggers    scene_scene_28_triggers
     0000001A  ___bank_scene_scene_2_init         scene_scene_2_init
     0000001A  ___bank_scene_scene_30_init        scene_scene_30_init
     0000001A  ___bank_scene_scene_31_init        scene_scene_31_init
     0000001A  ___bank_scene_scene_31_sprites     scene_scene_31_sprites
     0000001A  ___bank_scene_scene_31_triggers    scene_scene_31_triggers
     0000001A  ___bank_scene_scene_32_init        scene_scene_32_init
     0000001A  ___bank_scene_scene_33_init        scene_scene_33_init
     0000001A  ___bank_scene_scene_34_init        scene_scene_34_init
     0000001A  ___bank_scene_scene_35_init        scene_scene_35_init
     0000001A  ___bank_scene_scene_36_projectil   scene_scene_36_projectiles
     0000001A  ___bank_scene_scene_36_sprites     scene_scene_36_sprites
     0000001A  ___bank_scene_scene_36_triggers    scene_scene_36_triggers
     0000001A  ___bank_scene_scene_37_init        scene_scene_37_init
     0000001A  ___bank_scene_scene_37_triggers    scene_scene_37_triggers
     0000001A  ___bank_scene_scene_38_init        scene_scene_38_init
     0000001A  ___bank_scene_scene_38_triggers    scene_scene_38_triggers
     0000001A  ___bank_scene_scene_39_init        scene_scene_39_init
     0000001A  ___bank_scene_scene_3_init         scene_scene_3_init
     0000001A  ___bank_scene_scene_3_sprites      scene_scene_3_sprites
     0000001A  ___bank_scene_scene_3_triggers     scene_scene_3_triggers
     0000001A  ___bank_scene_scene_40_init        scene_scene_40_init
     0000001A  ___bank_scene_scene_41_init        scene_scene_41_init
     0000001A  ___bank_scene_scene_42_sprites     scene_scene_42_sprites
     0000001A  ___bank_scene_scene_4_init         scene_scene_4_init
     0000001A  ___bank_scene_scene_4_triggers     scene_scene_4_triggers
     0000001A  ___bank_scene_space_battle_proje   scene_space_battle_projectil
ASxxxx Linker V03.00 + NoICE + sdld,  page 20.
Hexadecimal  [32-Bits]

Area                                    Addr        Size        Decimal Bytes (Attributes)
--------------------------------        ----        ----        ------- ----- ------------
.  .ABS.                            00000000    00000000 =           0. bytes (ABS,CON)

      Value  Global                              Global Defined In Module
      -----  --------------------------------   ------------------------
     0000001A  ___bank_scene_space_battle_sprit   scene_space_battle_sprites
     0000001A  ___bank_scene_space_battle_trigg   scene_space_battle_triggers
     0000001A  ___bank_scene_top_house_init       scene_top_house_init
     0000001A  ___bank_scene_top_house_sprites    scene_top_house_sprites
     0000001A  ___bank_scene_top_house_triggers   scene_top_house_triggers
     0000001A  ___bank_scene_underground_sprite   scene_underground_sprites
     0000001A  ___bank_scene_underground_trigge   scene_underground_triggers
     0000001A  ___bank_script_enemy_ship_hit_pl   script_enemy_ship_hit_playe
     0000001A  ___bank_script_input_0             script_input_0
     0000001A  ___bank_script_input_1             script_input_1
     0000001A  ___bank_script_input_11            script_input_11
     0000001A  ___bank_script_input_12            script_input_12
     0000001A  ___bank_script_input_13            script_input_13
     0000001A  ___bank_script_input_14            script_input_14
     0000001A  ___bank_script_input_15            script_input_15
     0000001A  ___bank_script_input_16            script_input_16
     0000001A  ___bank_script_input_17            script_input_17
     0000001A  ___bank_script_input_2             script_input_2
     0000001A  ___bank_script_input_20            script_input_20
     0000001A  ___bank_script_input_22            script_input_22
     0000001A  ___bank_script_input_23            script_input_23
     0000001A  ___bank_script_input_24            script_input_24
     0000001A  ___bank_script_input_25            script_input_25
     0000001A  ___bank_script_input_4             script_input_4
     0000001A  ___bank_script_input_5             script_input_5
     0000001A  ___bank_script_input_6             script_input_6
     0000001A  ___bank_sound_legacy_1             sound_legacy_1
     0000001A  ___bank_sound_legacy_10            sound_legacy_10
     0000001A  ___bank_sound_legacy_11            sound_legacy_11
     0000001A  ___bank_sound_legacy_12            sound_legacy_12
     0000001A  ___bank_sound_legacy_13            sound_legacy_13
     0000001A  ___bank_sound_legacy_14            sound_legacy_14
     0000001A  ___bank_sound_legacy_15            sound_legacy_15
     0000001A  ___bank_sound_legacy_2             sound_legacy_2
     0000001A  ___bank_sound_legacy_3             sound_legacy_3
     0000001A  ___bank_sound_legacy_4             sound_legacy_4
     0000001A  ___bank_sound_legacy_5             sound_legacy_5
     0000001A  ___bank_sound_legacy_6             sound_legacy_6
     0000001A  ___bank_sound_legacy_7             sound_legacy_7
     0000001A  ___bank_sound_legacy_8             sound_legacy_8
     0000001A  ___bank_sound_legacy_9             sound_legacy_9
     0000001A  ___bank_sprite_hidden_stairs_til   sprite_hidden_stairs_tileset
     0000001A  ___bank_spritesheet_none           spritesheet_none
     0000001A  ___bank_trigger_0_interact         trigger_0_interact
     0000001A  ___bank_trigger_10_interact        trigger_10_interact
     0000001A  ___bank_trigger_13_interact        trigger_13_interact
     0000001A  ___bank_trigger_14_interact        trigger_14_interact
     0000001A  ___bank_trigger_15_interact        trigger_15_interact
     0000001A  ___bank_trigger_16_interact        trigger_16_interact
     0000001A  ___bank_trigger_17_interact        trigger_17_interact
     0000001A  ___bank_trigger_19_interact        trigger_19_interact
ASxxxx Linker V03.00 + NoICE + sdld,  page 21.
Hexadecimal  [32-Bits]

Area                                    Addr        Size        Decimal Bytes (Attributes)
--------------------------------        ----        ----        ------- ----- ------------
.  .ABS.                            00000000    00000000 =           0. bytes (ABS,CON)

      Value  Global                              Global Defined In Module
      -----  --------------------------------   ------------------------
     0000001A  ___bank_trigger_1_interact         trigger_1_interact
     0000001A  ___bank_trigger_20_interact        trigger_20_interact
     0000001A  ___bank_trigger_21_interact        trigger_21_interact
     0000001A  ___bank_trigger_22_interact        trigger_22_interact
     0000001A  ___bank_trigger_23_interact        trigger_23_interact
     0000001A  ___bank_trigger_26_interact        trigger_26_interact
     0000001A  ___bank_trigger_2_interact         trigger_2_interact
     0000001A  ___bank_trigger_30_interact        trigger_30_interact
     0000001A  ___bank_trigger_31_interact        trigger_31_interact
     0000001A  ___bank_trigger_35_interact        trigger_35_interact
     0000001A  ___bank_trigger_36_interact        trigger_36_interact
     0000001A  ___bank_trigger_37_interact        trigger_37_interact
     0000001A  ___bank_trigger_38_interact        trigger_38_interact
     0000001A  ___bank_trigger_39_interact        trigger_39_interact
     0000001A  ___bank_trigger_3_interact         trigger_3_interact
     0000001A  ___bank_trigger_40_interact        trigger_40_interact
     0000001A  ___bank_trigger_41_interact        trigger_41_interact
     0000001A  ___bank_trigger_42_interact        trigger_42_interact
     0000001A  ___bank_trigger_43_interact        trigger_43_interact
     0000001A  ___bank_trigger_44_interact        trigger_44_interact
     0000001A  ___bank_trigger_45_interact        trigger_45_interact
     0000001A  ___bank_trigger_47_interact        trigger_47_interact
     0000001A  ___bank_trigger_48_interact        trigger_48_interact
     0000001A  ___bank_trigger_49_interact        trigger_49_interact
     0000001A  ___bank_trigger_4_interact         trigger_4_interact
     0000001A  ___bank_trigger_50_interact        trigger_50_interact
     0000001A  ___bank_trigger_51_interact        trigger_51_interact
     0000001A  ___bank_trigger_52_interact        trigger_52_interact
     0000001A  ___bank_trigger_54_interact        trigger_54_interact
     0000001A  ___bank_trigger_55_interact        trigger_55_interact
     0000001A  ___bank_trigger_57_interact        trigger_57_interact
     0000001A  ___bank_trigger_58_interact        trigger_58_interact
     0000001A  ___bank_trigger_59_interact        trigger_59_interact
     0000001A  ___bank_trigger_5_interact         trigger_5_interact
     0000001A  ___bank_trigger_60_interact        trigger_60_interact
     0000001A  ___bank_trigger_61_interact        trigger_61_interact
     0000001A  ___bank_trigger_62_interact        trigger_62_interact
     0000001A  ___bank_trigger_63_interact        trigger_63_interact
     0000001A  ___bank_trigger_64_interact        trigger_64_interact
     0000001A  ___bank_trigger_65_interact        trigger_65_interact
     0000001A  ___bank_trigger_6_interact         trigger_6_interact
     0000001A  ___bank_trigger_75_interact        trigger_75_interact
     0000001A  ___bank_trigger_76_interact        trigger_76_interact
     0000001A  ___bank_trigger_77_interact        trigger_77_interact
     0000001A  ___bank_trigger_78_interact        trigger_78_interact
     0000001A  ___bank_trigger_79_interact        trigger_79_interact
     0000001A  ___bank_trigger_7_interact         trigger_7_interact
     0000001A  ___bank_trigger_80_interact        trigger_80_interact
     0000001A  ___bank_trigger_83_interact        trigger_83_interact
     0000001A  ___bank_trigger_84_interact        trigger_84_interact
     0000001A  ___bank_trigger_85_interact        trigger_85_interact
[...]
/var/folders/v2/0wbzk9v50zj8n0jc3nvks3c80000gn/T/_gbsbuild/obj/trigger_11_interact.rel
                                          [ trigger_11_interact ]
/var/folders/v2/0wbzk9v50zj8n0jc3nvks3c80000gn/T/_gbsbuild/obj/trigger_12_interact.rel
                                          [ trigger_12_interact ]
/var/folders/v2/0wbzk9v50zj8n0jc3nvks3c80000gn/T/_gbsbuild/obj/trigger_13_interact.rel
                                          [ trigger_13_interact ]
/var/folders/v2/0wbzk9v50zj8n0jc3nvks3c80000gn/T/_gbsbuild/obj/trigger_14_interact.rel
                                          [ trigger_14_interact ]
/var/folders/v2/0wbzk9v50zj8n0jc3nvks3c80000gn/T/_gbsbuild/obj/trigger_15_interact.rel
                                          [ trigger_15_interact ]
/var/folders/v2/0wbzk9v50zj8n0jc3nvks3c80000gn/T/_gbsbuild/obj/trigger_16_interact.rel
                                          [ trigger_16_interact ]
/var/folders/v2/0wbzk9v50zj8n0jc3nvks3c80000gn/T/_gbsbuild/obj/trigger_17_interact.rel
                                          [ trigger_17_interact ]
/var/folders/v2/0wbzk9v50zj8n0jc3nvks3c80000gn/T/_gbsbuild/obj/trigger_18_interact.rel
                                          [ trigger_18_interact ]
/var/folders/v2/0wbzk9v50zj8n0jc3nvks3c80000gn/T/_gbsbuild/obj/trigger_19_interact.rel
                                          [ trigger_19_interact ]
/var/folders/v2/0wbzk9v50zj8n0jc3nvks3c80000gn/T/_gbsbuild/obj/trigger_2_interact.rel
                                          [ trigger_2_interact ]
/var/folders/v2/0wbzk9v50zj8n0jc3nvks3c80000gn/T/_gbsbuild/obj/trigger_20_interact.rel
                                          [ trigger_20_interact ]
/var/folders/v2/0wbzk9v50zj8n0jc3nvks3c80000gn/T/_gbsbuild/obj/trigger_21_interact.rel
                                          [ trigger_21_interact ]
/var/folders/v2/0wbzk9v50zj8n0jc3nvks3c80000gn/T/_gbsbuild/obj/trigger_22_interact.rel
                                          [ trigger_22_interact ]
/var/folders/v2/0wbzk9v50zj8n0jc3nvks3c80000gn/T/_gbsbuild/obj/trigger_23_interact.rel
                                          [ trigger_23_interact ]
/var/folders/v2/0wbzk9v50zj8n0jc3nvks3c80000gn/T/_gbsbuild/obj/trigger_24_interact.rel
                                          [ trigger_24_interact ]
/var/folders/v2/0wbzk9v50zj8n0jc3nvks3c80000gn/T/_gbsbuild/obj/trigger_25_interact.rel
                                          [ trigger_25_interact ]
/var/folders/v2/0wbzk9v50zj8n0jc3nvks3c80000gn/T/_gbsbuild/obj/trigger_26_interact.rel
                                          [ trigger_26_interact ]
/var/folders/v2/0wbzk9v50zj8n0jc3nvks3c80000gn/T/_gbsbuild/obj/trigger_27_interact.rel
                                          [ trigger_27_interact ]
/var/folders/v2/0wbzk9v50zj8n0jc3nvks3c80000gn/T/_gbsbuild/obj/trigger_28_interact.rel
                                          [ trigger_28_interact ]
/var/folders/v2/0wbzk9v50zj8n0jc3nvks3c80000gn/T/_gbsbuild/obj/trigger_29_interact.rel
                                          [ trigger_29_interact ]
/var/folders/v2/0wbzk9v50zj8n0jc3nvks3c80000gn/T/_gbsbuild/obj/trigger_3_interact.rel
                                          [ trigger_3_interact ]
/var/folders/v2/0wbzk9v50zj8n0jc3nvks3c80000gn/T/_gbsbuild/obj/trigger_30_interact.rel
                                          [ trigger_30_interact ]
/var/folders/v2/0wbzk9v50zj8n0jc3nvks3c80000gn/T/_gbsbuild/obj/trigger_31_interact.rel
                                          [ trigger_31_interact ]
/var/folders/v2/0wbzk9v50zj8n0jc3nvks3c80000gn/T/_gbsbuild/obj/trigger_32_interact.rel
                                          [ trigger_32_interact ]
/var/folders/v2/0wbzk9v50zj8n0jc3nvks3c80000gn/T/_gbsbuild/obj/trigger_33_interact.rel
                                          [ trigger_33_interact ]
/var/folders/v2/0wbzk9v50zj8n0jc3nvks3c80000gn/T/_gbsbuild/obj/trigger_34_interact.rel
                                          [ trigger_34_interact ]
/var/folders/v2/0wbzk9v50zj8n0jc3nvks3c80000gn/T/_gbsbuild/obj/trigger_35_interact.rel
                                          [ trigger_35_interact ]
/var/folders/v2/0wbzk9v50zj8n0jc3nvks3c80000gn/T/_gbsbuild/obj/trigger_36_interact.rel
                                          [ trigger_36_interact ]
/var/folders/v2/0wbzk9v50zj8n0jc3nvks3c80000gn/T/_gbsbuild/obj/trigger_37_interact.rel
                                          [ trigger_37_interact ]
/var/folders/v2/0wbzk9v50zj8n0jc3nvks3c80000gn/T/_gbsbuild/obj/trigger_38_interact.rel
                                          [ trigger_38_interact ]
/var/folders/v2/0wbzk9v50zj8n0jc3nvks3c80000gn/T/_gbsbuild/obj/trigger_39_interact.rel
                                          [ trigger_39_interact ]
/var/folders/v2/0wbzk9v50zj8n0jc3nvks3c80000gn/T/_gbsbuild/obj/trigger_4_interact.rel
                                          [ trigger_4_interact ]
/var/folders/v2/0wbzk9v50zj8n0jc3nvks3c80000gn/T/_gbsbuild/obj/trigger_40_interact.rel
                                          [ trigger_40_interact ]
/var/folders/v2/0wbzk9v50zj8n0jc3nvks3c80000gn/T/_gbsbuild/obj/trigger_41_interact.rel
                                          [ trigger_41_interact ]
/var/folders/v2/0wbzk9v50zj8n0jc3nvks3c80000gn/T/_gbsbuild/obj/trigger_42_interact.rel
                                          [ trigger_42_interact ]
/var/folders/v2/0wbzk9v50zj8n0jc3nvks3c80000gn/T/_gbsbuild/obj/trigger_43_interact.rel
                                          [ trigger_43_interact ]
/var/folders/v2/0wbzk9v50zj8n0jc3nvks3c80000gn/T/_gbsbuild/obj/trigger_44_interact.rel
                                          [ trigger_44_interact ]
/var/folders/v2/0wbzk9v50zj8n0jc3nvks3c80000gn/T/_gbsbuild/obj/trigger_45_interact.rel
                                          [ trigger_45_interact ]
/var/folders/v2/0wbzk9v50zj8n0jc3nvks3c80000gn/T/_gbsbuild/obj/trigger_46_interact.rel
                                          [ trigger_46_interact ]
/var/folders/v2/0wbzk9v50zj8n0jc3nvks3c80000gn/T/_gbsbuild/obj/trigger_47_interact.rel
                                          [ trigger_47_interact ]
/var/folders/v2/0wbzk9v50zj8n0jc3nvks3c80000gn/T/_gbsbuild/obj/trigger_48_interact.rel
                                          [ trigger_48_interact ]
/var/folders/v2/0wbzk9v50zj8n0jc3nvks3c80000gn/T/_gbsbuild/obj/trigger_49_interact.rel
                                          [ trigger_49_interact ]
/var/folders/v2/0wbzk9v50zj8n0jc3nvks3c80000gn/T/_gbsbuild/obj/trigger_5_interact.rel
                                          [ trigger_5_interact ]
/var/folders/v2/0wbzk9v50zj8n0jc3nvks3c80000gn/T/_gbsbuild/obj/trigger_50_interact.rel
                                          [ trigger_50_interact ]
/var/folders/v2/0wbzk9v50zj8n0jc3nvks3c80000gn/T/_gbsbuild/obj/trigger_51_interact.rel
                                          [ trigger_51_interact ]
/var/folders/v2/0wbzk9v50zj8n0jc3nvks3c80000gn/T/_gbsbuild/obj/trigger_52_interact.rel
                                          [ trigger_52_interact ]
/var/folders/v2/0wbzk9v50zj8n0jc3nvks3c80000gn/T/_gbsbuild/obj/trigger_53_interact.rel
                                          [ trigger_53_interact ]
/var/folders/v2/0wbzk9v50zj8n0jc3nvks3c80000gn/T/_gbsbuild/obj/trigger_54_interact.rel
                                          [ trigger_54_interact ]
/var/folders/v2/0wbzk9v50zj8n0jc3nvks3c80000gn/T/_gbsbuild/obj/trigger_55_interact.rel
                                          [ trigger_55_interact ]
/var/folders/v2/0wbzk9v50zj8n0jc3nvks3c80000gn/T/_gbsbuild/obj/trigger_56_interact.rel
                                          [ trigger_56_interact ]
/var/folders/v2/0wbzk9v50zj8n0jc3nvks3c80000gn/T/_gbsbuild/obj/trigger_57_interact.rel
                                          [ trigger_57_interact ]
/var/folders/v2/0wbzk9v50zj8n0jc3nvks3c80000gn/T/_gbsbuild/obj/trigger_58_interact.rel
                                          [ trigger_58_interact ]
/var/folders/v2/0wbzk9v50zj8n0jc3nvks3c80000gn/T/_gbsbuild/obj/trigger_59_interact.rel
                                          [ trigger_59_interact ]
/var/folders/v2/0wbzk9v50zj8n0jc3nvks3c80000gn/T/_gbsbuild/obj/trigger_6_interact.rel
                                          [ trigger_6_interact ]
/var/folders/v2/0wbzk9v50zj8n0jc3nvks3c80000gn/T/_gbsbuild/obj/trigger_60_interact.rel
                                          [ trigger_60_interact ]
/var/folders/v2/0wbzk9v50zj8n0jc3nvks3c80000gn/T/_gbsbuild/obj/trigger_61_interact.rel
                                          [ trigger_61_interact ]
/var/folders/v2/0wbzk9v50zj8n0jc3nvks3c80000gn/T/_gbsbuild/obj/trigger_62_interact.rel
                                          [ trigger_62_interact ]
/var/folders/v2/0wbzk9v50zj8n0jc3nvks3c80000gn/T/_gbsbuild/obj/trigger_63_interact.rel
                                          [ trigger_63_interact ]
/var/folders/v2/0wbzk9v50zj8n0jc3nvks3c80000gn/T/_gbsbuild/obj/trigger_64_interact.rel
                                          [ trigger_64_interact ]
/var/folders/v2/0wbzk9v50zj8n0jc3nvks3c80000gn/T/_gbsbuild/obj/trigger_65_interact.rel
                                          [ trigger_65_interact ]
/var/folders/v2/0wbzk9v50zj8n0jc3nvks3c80000gn/T/_gbsbuild/obj/trigger_66_interact.rel
                                          [ trigger_66_interact ]
/var/folders/v2/0wbzk9v50zj8n0jc3nvks3c80000gn/T/_gbsbuild/obj/trigger_67_interact.rel
                                          [ trigger_67_interact ]
/var/folders/v2/0wbzk9v50zj8n0jc3nvks3c80000gn/T/_gbsbuild/obj/trigger_68_interact.rel
                                          [ trigger_68_interact ]
/var/folders/v2/0wbzk9v50zj8n0jc3nvks3c80000gn/T/_gbsbuild/obj/trigger_69_interact.rel
                                          [ trigger_69_interact ]
/var/folders/v2/0wbzk9v50zj8n0jc3nvks3c80000gn/T/_gbsbuild/obj/trigger_7_interact.rel
                                          [ trigger_7_interact ]
/var/folders/v2/0wbzk9v50zj8n0jc3nvks3c80000gn/T/_gbsbuild/obj/trigger_70_interact.rel
                                          [ trigger_70_interact ]
/var/folders/v2/0wbzk9v50zj8n0jc3nvks3c80000gn/T/_gbsbuild/obj/trigger_71_interact.rel
                                          [ trigger_71_interact ]
/var/folders/v2/0wbzk9v50zj8n0jc3nvks3c80000gn/T/_gbsbuild/obj/trigger_72_interact.rel
                                          [ trigger_72_interact ]
/var/folders/v2/0wbzk9v50zj8n0jc3nvks3c80000gn/T/_gbsbuild/obj/trigger_73_interact.rel
                                          [ trigger_73_interact ]
/var/folders/v2/0wbzk9v50zj8n0jc3nvks3c80000gn/T/_gbsbuild/obj/trigger_74_interact.rel
                                          [ trigger_74_interact ]
/var/folders/v2/0wbzk9v50zj8n0jc3nvks3c80000gn/T/_gbsbuild/obj/trigger_75_interact.rel
                                          [ trigger_75_interact ]
/var/folders/v2/0wbzk9v50zj8n0jc3nvks3c80000gn/T/_gbsbuild/obj/trigger_76_interact.rel
                                          [ trigger_76_interact ]
/var/folders/v2/0wbzk9v50zj8n0jc3nvks3c80000gn/T/_gbsbuild/obj/trigger_77_interact.rel
                                          [ trigger_77_interact ]
/var/folders/v2/0wbzk9v50zj8n0jc3nvks3c80000gn/T/_gbsbuild/obj/trigger_78_interact.rel
                                          [ trigger_78_interact ]
/var/folders/v2/0wbzk9v50zj8n0jc3nvks3c80000gn/T/_gbsbuild/obj/trigger_79_interact.rel
                                          [ trigger_79_interact ]
/var/folders/v2/0wbzk9v50zj8n0jc3nvks3c80000gn/T/_gbsbuild/obj/trigger_8_interact.rel
                                          [ trigger_8_interact ]
/var/folders/v2/0wbzk9v50zj8n0jc3nvks3c80000gn/T/_gbsbuild/obj/trigger_80_interact.rel
                                          [ trigger_80_interact ]
/var/folders/v2/0wbzk9v50zj8n0jc3nvks3c80000gn/T/_gbsbuild/obj/trigger_83_interact.rel
                                          [ trigger_83_interact ]
/var/folders/v2/0wbzk9v50zj8n0jc3nvks3c80000gn/T/_gbsbuild/obj/trigger_84_interact.rel
                                          [ trigger_84_interact ]
/var/folders/v2/0wbzk9v50zj8n0jc3nvks3c80000gn/T/_gbsbuild/obj/trigger_85_interact.rel
                                          [ trigger_85_interact ]
/var/folders/v2/0wbzk9v50zj8n0jc3nvks3c80000gn/T/_gbsbuild/obj/trigger_86_interact.rel
                                          [ trigger_86_interact ]
/var/folders/v2/0wbzk9v50zj8n0jc3nvks3c80000gn/T/_gbsbuild/obj/trigger_87_interact.rel
                                          [ trigger_87_interact ]
/var/folders/v2/0wbzk9v50zj8n0jc3nvks3c80000gn/T/_gbsbuild/obj/trigger_88_interact.rel
                                          [ trigger_88_interact ]
/var/folders/v2/0wbzk9v50zj8n0jc3nvks3c80000gn/T/_gbsbuild/obj/trigger_89_interact.rel
                                          [ trigger_89_interact ]
/var/folders/v2/0wbzk9v50zj8n0jc3nvks3c80000gn/T/_gbsbuild/obj/trigger_9_interact.rel
                                          [ trigger_9_interact ]
/var/folders/v2/0wbzk9v50zj8n0jc3nvks3c80000gn/T/_gbsbuild/obj/trigger_90_interact.rel
                                          [ trigger_90_interact ]
/var/folders/v2/0wbzk9v50zj8n0jc3nvks3c80000gn/T/_gbsbuild/obj/trigger_91_interact.rel
                                          [ trigger_91_interact ]
/var/folders/v2/0wbzk9v50zj8n0jc3nvks3c80000gn/T/_gbsbuild/obj/trigger_92_interact.rel
                                          [ trigger_92_interact ]
/var/folders/v2/0wbzk9v50zj8n0jc3nvks3c80000gn/T/_gbsbuild/obj/trigger_93_interact.rel
                                          [ trigger_93_interact ]
/var/folders/v2/0wbzk9v50zj8n0jc3nvks3c80000gn/T/_gbsbuild/obj/trigger_94_interact.rel
                                          [ trigger_94_interact ]
/var/folders/v2/0wbzk9v50zj8n0jc3nvks3c80000gn/T/_gbsbuild/obj/trigger_95_interact.rel
                                          [ trigger_95_interact ]
/var/folders/v2/0wbzk9v50zj8n0jc3nvks3c80000gn/T/_gbsbuild/obj/trigger_96_interact.rel
                                          [ trigger_96_interact ]
/var/folders/v2/0wbzk9v50zj8n0jc3nvks3c80000gn/T/_gbsbuild/obj/trigger_97_interact.rel
                                          [ trigger_97_interact ]
/var/folders/v2/0wbzk9v50zj8n0jc3nvks3c80000gn/T/_gbsbuild/obj/trigger_98_interact.rel
                                          [ trigger_98_interact ]
/var/folders/v2/0wbzk9v50zj8n0jc3nvks3c80000gn/T/_gbsbuild/obj/trigger_99_interact.rel
                                          [ trigger_99_interact ]
/var/folders/v2/0wbzk9v50zj8n0jc3nvks3c80000gn/T/_gbsbuild/obj/main.rel
                                          [ main ]
/var/folders/v2/0wbzk9v50zj8n0jc3nvks3c80000gn/T/_gbsbuild/obj/adventure.rel
                                          [ adventure ]
/var/folders/v2/0wbzk9v50zj8n0jc3nvks3c80000gn/T/_gbsbuild/obj/logo.rel
                                          [ logo ]
/var/folders/v2/0wbzk9v50zj8n0jc3nvks3c80000gn/T/_gbsbuild/obj/platform.rel
                                          [ platform ]
/var/folders/v2/0wbzk9v50zj8n0jc3nvks3c80000gn/T/_gbsbuild/obj/pointnclick.rel
                                          [ pointnclick ]
/var/folders/v2/0wbzk9v50zj8n0jc3nvks3c80000gn/T/_gbsbuild/obj/shmup.rel
                                          [ shmup ]
/var/folders/v2/0wbzk9v50zj8n0jc3nvks3c80000gn/T/_gbsbuild/obj/states_ptrs.rel
                                          [  ]
/var/folders/v2/0wbzk9v50zj8n0jc3nvks3c80000gn/T/_gbsbuild/obj/topdown.rel
                                          [ topdown ]


Libraries Linked                          [ object file ]

/var/folders/v2/0wbzk9v50zj8n0jc3nvks3c80000gn/T/_gbstools/gbdk/lib/small/asxxxx/gb/gb.lib
                                          [ fill_rect_wi.o ]
/var/folders/v2/0wbzk9v50zj8n0jc3nvks3c80000gn/T/_gbstools/gbdk/lib/small/asxxxx/gbz80/gbz80.lib
                                          [ rand.o ]
lib/hUGEDriver.lib                        [ hUGEDriver.obj.o ]
/var/folders/v2/0wbzk9v50zj8n0jc3nvks3c80000gn/T/_gbstools/gbdk/lib/small/asxxxx/gb/gb.lib
                                          [ sfr.o ]
/var/folders/v2/0wbzk9v50zj8n0jc3nvks3c80000gn/T/_gbstools/gbdk/lib/small/asxxxx/gb/gb.lib
                                          [ get_data.o ]
/var/folders/v2/0wbzk9v50zj8n0jc3nvks3c80000gn/T/_gbstools/gbdk/lib/small/asxxxx/gb/gb.lib
                                          [ get_tile.o ]
/var/folders/v2/0wbzk9v50zj8n0jc3nvks3c80000gn/T/_gbstools/gbdk/lib/small/asxxxx/gb/gb.lib
                                          [ cgb_palettes.o ]
/var/folders/v2/0wbzk9v50zj8n0jc3nvks3c80000gn/T/_gbstools/gbdk/lib/small/asxxxx/gb/gb.lib
                                          [ metasprites_hide_spr.o ]
/var/folders/v2/0wbzk9v50zj8n0jc3nvks3c80000gn/T/_gbstools/gbdk/lib/small/asxxxx/gbz80/gbz80.lib
                                          [ mul.o ]
/var/folders/v2/0wbzk9v50zj8n0jc3nvks3c80000gn/T/_gbstools/gbdk/lib/small/asxxxx/gbz80/gbz80.lib
                                          [ abs.o ]
/var/folders/v2/0wbzk9v50zj8n0jc3nvks3c80000gn/T/_gbstools/gbdk/lib/small/asxxxx/gb/gb.lib
                                          [ set_wi_t.o ]
/var/folders/v2/0wbzk9v50zj8n0jc3nvks3c80000gn/T/_gbstools/gbdk/lib/small/asxxxx/gb/gb.lib
                                          [ set_data.o ]
/var/folders/v2/0wbzk9v50zj8n0jc3nvks3c80000gn/T/_gbstools/gbdk/lib/small/asxxxx/gbz80/gbz80.lib
                                          [ reverse.o ]
/var/folders/v2/0wbzk9v50zj8n0jc3nvks3c80000gn/T/_gbstools/gbdk/lib/small/asxxxx/gb/gb.lib
                                          [ far_ptr.o ]
/var/folders/v2/0wbzk9v50zj8n0jc3nvks3c80000gn/T/_gbstools/gbdk/lib/small/asxxxx/gb/gb.lib
                                          [ sgb.o ]
/var/folders/v2/0wbzk9v50zj8n0jc3nvks3c80000gn/T/_gbstools/gbdk/lib/small/asxxxx/gb/gb.lib
                                          [ lcd.o ]
/var/folders/v2/0wbzk9v50zj8n0jc3nvks3c80000gn/T/_gbstools/gbdk/lib/small/asxxxx/gb/gb.lib
                                          [ fill_rect.o ]
/var/folders/v2/0wbzk9v50zj8n0jc3nvks3c80000gn/T/_gbstools/gbdk/lib/small/asxxxx/gb/gb.lib
                                          [ cpy_data.o ]
/var/folders/v2/0wbzk9v50zj8n0jc3nvks3c80000gn/T/_gbstools/gbdk/lib/small/asxxxx/gb/gb.lib
                                          [ fill_rect_bk.o ]
/var/folders/v2/0wbzk9v50zj8n0jc3nvks3c80000gn/T/_gbstools/gbdk/lib/small/asxxxx/gb/gb.lib
                                          [ pad.o ]
/var/folders/v2/0wbzk9v50zj8n0jc3nvks3c80000gn/T/_gbstools/gbdk/lib/small/asxxxx/gb/gb.lib
                                          [ metasprites.o ]
/var/folders/v2/0wbzk9v50zj8n0jc3nvks3c80000gn/T/_gbstools/gbdk/lib/small/asxxxx/gbz80/gbz80.lib
                                          [ __sdcc_call_hl.o ]
/var/folders/v2/0wbzk9v50zj8n0jc3nvks3c80000gn/T/_gbstools/gbdk/lib/small/asxxxx/gbz80/gbz80.lib
                                          [ _memcpy.o ]
/var/folders/v2/0wbzk9v50zj8n0jc3nvks3c80000gn/T/_gbstools/gbdk/lib/small/asxxxx/gbz80/gbz80.lib
                                          [ _memset.o ]
/var/folders/v2/0wbzk9v50zj8n0jc3nvks3c80000gn/T/_gbstools/gbdk/lib/small/asxxxx/gb/gb.lib
                                          [ set_xy_t.o ]
/var/folders/v2/0wbzk9v50zj8n0jc3nvks3c80000gn/T/_gbstools/gbdk/lib/small/asxxxx/gb/gb.lib
                                          [ cgb.o ]
/var/folders/v2/0wbzk9v50zj8n0jc3nvks3c80000gn/T/_gbstools/gbdk/lib/small/asxxxx/gbz80/gbz80.lib
                                          [ div.o ]
/var/folders/v2/0wbzk9v50zj8n0jc3nvks3c80000gn/T/_gbstools/gbdk/lib/small/asxxxx/gb/gb.lib
                                          [ set_bk_t.o ]

ASxxxx Linker V03.00 + NoICE + sdld,  page 117.

User Base Address Definitions

_DATA=0xC0A0
_CODE=0x0200
ASxxxx Linker V03.00 + NoICE + sdld,  page 118.

User Global Definitions

.STACK=0xDF00
_shadow_OAM=0xC000
.refresh_OAM=0xFF80
__start_save=28

